Archive member included because of file (symbol)

c:/arm/gnu tools arm embedded/4.9 2014q4/bin/../lib/gcc/arm-none-eabi/4.9.3/../../../../arm-none-eabi/lib/armv7e-m\libg.a(lib_a-errno.o)
                              ./libs/misc/src/_sbrk.o (__errno)
c:/arm/gnu tools arm embedded/4.9 2014q4/bin/../lib/gcc/arm-none-eabi/4.9.3/../../../../arm-none-eabi/lib/armv7e-m\libg.a(lib_a-impure.o)
                              c:/arm/gnu tools arm embedded/4.9 2014q4/bin/../lib/gcc/arm-none-eabi/4.9.3/../../../../arm-none-eabi/lib/armv7e-m\libg.a(lib_a-errno.o) (_impure_ptr)
c:/arm/gnu tools arm embedded/4.9 2014q4/bin/../lib/gcc/arm-none-eabi/4.9.3/../../../../arm-none-eabi/lib/armv7e-m\libg.a(lib_a-printf.o)
                              ./src/nRF24L01P/nRF24L01P.o (printf)
c:/arm/gnu tools arm embedded/4.9 2014q4/bin/../lib/gcc/arm-none-eabi/4.9.3/../../../../arm-none-eabi/lib/armv7e-m\libg.a(lib_a-vfprintf.o)
                              c:/arm/gnu tools arm embedded/4.9 2014q4/bin/../lib/gcc/arm-none-eabi/4.9.3/../../../../arm-none-eabi/lib/armv7e-m\libg.a(lib_a-printf.o) (_vfprintf_r)
c:/arm/gnu tools arm embedded/4.9 2014q4/bin/../lib/gcc/arm-none-eabi/4.9.3/../../../../arm-none-eabi/lib/armv7e-m\libg.a(lib_a-wsetup.o)
                              c:/arm/gnu tools arm embedded/4.9 2014q4/bin/../lib/gcc/arm-none-eabi/4.9.3/../../../../arm-none-eabi/lib/armv7e-m\libg.a(lib_a-vfprintf.o) (__swsetup_r)
c:/arm/gnu tools arm embedded/4.9 2014q4/bin/../lib/gcc/arm-none-eabi/4.9.3/../../../../arm-none-eabi/lib/armv7e-m\libg.a(lib_a-dtoa.o)
                              c:/arm/gnu tools arm embedded/4.9 2014q4/bin/../lib/gcc/arm-none-eabi/4.9.3/../../../../arm-none-eabi/lib/armv7e-m\libg.a(lib_a-vfprintf.o) (_dtoa_r)
c:/arm/gnu tools arm embedded/4.9 2014q4/bin/../lib/gcc/arm-none-eabi/4.9.3/../../../../arm-none-eabi/lib/armv7e-m\libg.a(lib_a-fflush.o)
                              c:/arm/gnu tools arm embedded/4.9 2014q4/bin/../lib/gcc/arm-none-eabi/4.9.3/../../../../arm-none-eabi/lib/armv7e-m\libg.a(lib_a-vfprintf.o) (_fflush_r)
c:/arm/gnu tools arm embedded/4.9 2014q4/bin/../lib/gcc/arm-none-eabi/4.9.3/../../../../arm-none-eabi/lib/armv7e-m\libg.a(lib_a-findfp.o)
                              c:/arm/gnu tools arm embedded/4.9 2014q4/bin/../lib/gcc/arm-none-eabi/4.9.3/../../../../arm-none-eabi/lib/armv7e-m\libg.a(lib_a-vfprintf.o) (__sinit)
c:/arm/gnu tools arm embedded/4.9 2014q4/bin/../lib/gcc/arm-none-eabi/4.9.3/../../../../arm-none-eabi/lib/armv7e-m\libg.a(lib_a-freer.o)
                              c:/arm/gnu tools arm embedded/4.9 2014q4/bin/../lib/gcc/arm-none-eabi/4.9.3/../../../../arm-none-eabi/lib/armv7e-m\libg.a(lib_a-wsetup.o) (_free_r)
c:/arm/gnu tools arm embedded/4.9 2014q4/bin/../lib/gcc/arm-none-eabi/4.9.3/../../../../arm-none-eabi/lib/armv7e-m\libg.a(lib_a-fwalk.o)
                              c:/arm/gnu tools arm embedded/4.9 2014q4/bin/../lib/gcc/arm-none-eabi/4.9.3/../../../../arm-none-eabi/lib/armv7e-m\libg.a(lib_a-findfp.o) (_fwalk)
c:/arm/gnu tools arm embedded/4.9 2014q4/bin/../lib/gcc/arm-none-eabi/4.9.3/../../../../arm-none-eabi/lib/armv7e-m\libg.a(lib_a-locale.o)
                              c:/arm/gnu tools arm embedded/4.9 2014q4/bin/../lib/gcc/arm-none-eabi/4.9.3/../../../../arm-none-eabi/lib/armv7e-m\libg.a(lib_a-vfprintf.o) (_localeconv_r)
c:/arm/gnu tools arm embedded/4.9 2014q4/bin/../lib/gcc/arm-none-eabi/4.9.3/../../../../arm-none-eabi/lib/armv7e-m\libg.a(lib_a-makebuf.o)
                              c:/arm/gnu tools arm embedded/4.9 2014q4/bin/../lib/gcc/arm-none-eabi/4.9.3/../../../../arm-none-eabi/lib/armv7e-m\libg.a(lib_a-wsetup.o) (__smakebuf_r)
c:/arm/gnu tools arm embedded/4.9 2014q4/bin/../lib/gcc/arm-none-eabi/4.9.3/../../../../arm-none-eabi/lib/armv7e-m\libg.a(lib_a-mallocr.o)
                              c:/arm/gnu tools arm embedded/4.9 2014q4/bin/../lib/gcc/arm-none-eabi/4.9.3/../../../../arm-none-eabi/lib/armv7e-m\libg.a(lib_a-findfp.o) (_malloc_r)
c:/arm/gnu tools arm embedded/4.9 2014q4/bin/../lib/gcc/arm-none-eabi/4.9.3/../../../../arm-none-eabi/lib/armv7e-m\libg.a(lib_a-memchr.o)
                              c:/arm/gnu tools arm embedded/4.9 2014q4/bin/../lib/gcc/arm-none-eabi/4.9.3/../../../../arm-none-eabi/lib/armv7e-m\libg.a(lib_a-vfprintf.o) (memchr)
c:/arm/gnu tools arm embedded/4.9 2014q4/bin/../lib/gcc/arm-none-eabi/4.9.3/../../../../arm-none-eabi/lib/armv7e-m\libg.a(lib_a-memcpy.o)
                              c:/arm/gnu tools arm embedded/4.9 2014q4/bin/../lib/gcc/arm-none-eabi/4.9.3/../../../../arm-none-eabi/lib/armv7e-m\libg.a(lib_a-dtoa.o) (memcpy)
c:/arm/gnu tools arm embedded/4.9 2014q4/bin/../lib/gcc/arm-none-eabi/4.9.3/../../../../arm-none-eabi/lib/armv7e-m\libg.a(lib_a-memset.o)
                              c:/arm/gnu tools arm embedded/4.9 2014q4/bin/../lib/gcc/arm-none-eabi/4.9.3/../../../../arm-none-eabi/lib/armv7e-m\libg.a(lib_a-findfp.o) (memset)
[...]
Memory Configuration

Name             Origin             Length             Attributes
RAM              0x20000000         0x00020000         xrw
CCMRAM           0x10000000         0x00010000         xrw
FLASH            0x08000000         0x00100000         xr
FLASHB1          0x00000000         0x00000000         xr
EXTMEMB0         0x00000000         0x00000000         xr
EXTMEMB1         0x00000000         0x00000000         xr
EXTMEMB2         0x00000000         0x00000000         xr
EXTMEMB3         0x00000000         0x00000000         xr
MEMORY_ARRAY     0x20002000         0x00000020         xrw
*default*        0x00000000         0xffffffff

Linker script and memory map

LOAD ./src/nRF24L01P/nRF24L01P.o
LOAD ./src/nRF24L01P/nRF24L01P_SPI.o
LOAD ./src/nRF24L01P/stm32f4_discovery.o
LOAD ./src/main.o
LOAD ./libs/misc/src/_sbrk.o
LOAD ./libs/misc/src/_write.o
LOAD ./libs/misc/src/trace_impl.o
LOAD ./libs/StdPeriph/src/misc.o
LOAD ./libs/StdPeriph/src/stm32f4xx_adc.o
LOAD ./libs/StdPeriph/src/stm32f4xx_can.o
LOAD ./libs/StdPeriph/src/stm32f4xx_crc.o
LOAD ./libs/StdPeriph/src/stm32f4xx_cryp.o
LOAD ./libs/StdPeriph/src/stm32f4xx_cryp_aes.o
LOAD ./libs/StdPeriph/src/stm32f4xx_cryp_des.o
LOAD ./libs/StdPeriph/src/stm32f4xx_cryp_tdes.o
LOAD ./libs/StdPeriph/src/stm32f4xx_dac.o
LOAD ./libs/StdPeriph/src/stm32f4xx_dbgmcu.o
LOAD ./libs/StdPeriph/src/stm32f4xx_dcmi.o
LOAD ./libs/StdPeriph/src/stm32f4xx_dma.o
LOAD ./libs/StdPeriph/src/stm32f4xx_dma2d.o
LOAD ./libs/StdPeriph/src/stm32f4xx_exti.o
LOAD ./libs/StdPeriph/src/stm32f4xx_flash.o
LOAD ./libs/StdPeriph/src/stm32f4xx_fmc.o
LOAD ./libs/StdPeriph/src/stm32f4xx_fsmc.o
LOAD ./libs/StdPeriph/src/stm32f4xx_gpio.o
LOAD ./libs/StdPeriph/src/stm32f4xx_hash.o
LOAD ./libs/StdPeriph/src/stm32f4xx_hash_md5.o
LOAD ./libs/StdPeriph/src/stm32f4xx_hash_sha1.o
LOAD ./libs/StdPeriph/src/stm32f4xx_i2c.o
LOAD ./libs/StdPeriph/src/stm32f4xx_iwdg.o
LOAD ./libs/StdPeriph/src/stm32f4xx_ltdc.o
LOAD ./libs/StdPeriph/src/stm32f4xx_pwr.o
LOAD ./libs/StdPeriph/src/stm32f4xx_rcc.o
LOAD ./libs/StdPeriph/src/stm32f4xx_rng.o
LOAD ./libs/StdPeriph/src/stm32f4xx_rtc.o
LOAD ./libs/StdPeriph/src/stm32f4xx_sai.o
LOAD ./libs/StdPeriph/src/stm32f4xx_sdio.o
LOAD ./libs/StdPeriph/src/stm32f4xx_spi.o
LOAD ./libs/StdPeriph/src/stm32f4xx_syscfg.o
LOAD ./libs/StdPeriph/src/stm32f4xx_tim.o
LOAD ./libs/StdPeriph/src/stm32f4xx_usart.o
LOAD ./libs/StdPeriph/src/stm32f4xx_wwdg.o
LOAD ./libs/CMSIS/src/startup_cm.o
LOAD ./libs/CMSIS/src/startup_stm32f4xx.o
LOAD ./libs/CMSIS/src/system_stm32f4xx.o
LOAD ./libs/CMSIS/src/vectors_stm32f4xx.o
START GROUP
LOAD c:/arm/gnu tools arm embedded/4.9 2014q4/bin/../lib/gcc/arm-none-eabi/4.9.3/armv7e-m\libgcc.a
LOAD c:/arm/gnu tools arm embedded/4.9 2014q4/bin/../lib/gcc/arm-none-eabi/4.9.3/../../../../arm-none-eabi/lib/armv7e-m\libg.a
LOAD c:/arm/gnu tools arm embedded/4.9 2014q4/bin/../lib/gcc/arm-none-eabi/4.9.3/../../../../arm-none-eabi/lib/armv7e-m\libc.a
END GROUP
START GROUP
LOAD c:/arm/gnu tools arm embedded/4.9 2014q4/bin/../lib/gcc/arm-none-eabi/4.9.3/armv7e-m\libgcc.a
LOAD c:/arm/gnu tools arm embedded/4.9 2014q4/bin/../lib/gcc/arm-none-eabi/4.9.3/../../../../arm-none-eabi/lib/armv7e-m\libg.a
LOAD c:/arm/gnu tools arm embedded/4.9 2014q4/bin/../lib/gcc/arm-none-eabi/4.9.3/../../../../arm-none-eabi/lib/armv7e-m\libc.a
LOAD c:/arm/gnu tools arm embedded/4.9 2014q4/bin/../lib/gcc/arm-none-eabi/4.9.3/../../../../arm-none-eabi/lib/armv7e-m\libm.a
LOAD c:/arm/gnu tools arm embedded/4.9 2014q4/bin/../lib/gcc/arm-none-eabi/4.9.3/../../../../arm-none-eabi/lib/armv7e-m\libnosys.a
END GROUP
                0x20020000                __stack = (ORIGIN (RAM) + 0x20000)
                0x20020000                _estack = __stack
                0x00000400                __Main_Stack_Size = 0x400
                0x00000400                PROVIDE (_Main_Stack_Size, __Main_Stack_Size)
                0x2001fc00                __Main_Stack_Limit = (__stack - __Main_Stack_Size)
                0x2001fc00                PROVIDE (_Main_Stack_Limit, __Main_Stack_Limit)
                0x00000100                _Minimum_Stack_Size = 0x100
                0x20000944                PROVIDE (_Heap_Begin, _end_noinit)
                0x2001fc00                PROVIDE (_Heap_Limit, (__stack - _Main_Stack_Size))

.isr_vector     0x08000000      0x264
                0x08000000                . = ALIGN (0x4)
 *(.isr_vector)
 .isr_vector    0x08000000      0x188 ./libs/CMSIS/src/vectors_stm32f4xx.o
                0x08000000                g_pfnVectors
 *(.after_vectors .after_vectors.*)
 .after_vectors
                0x08000188       0x8c ./libs/CMSIS/src/startup_cm.o
                0x08000188                Reset_Handler
                0x080001cc                system_init
 .after_vectors
                0x08000214       0x50 ./libs/CMSIS/src/vectors_stm32f4xx.o
                0x08000214                RTC_Alarm_IRQHandler
                0x08000214                HASH_RNG_IRQHandler
                0x08000214                EXTI2_IRQHandler
                0x08000214                TIM8_CC_IRQHandler
                0x08000214                DMA2_Stream6_IRQHandler
                0x08000214                TIM1_CC_IRQHandler
                0x08000214                DMA2_Stream5_IRQHandler
                0x08000214                I2C1_ER_IRQHandler
                0x08000214                DMA1_Stream5_IRQHandler
                0x08000214                DMA1_Stream4_IRQHandler
                0x08000214                PVD_IRQHandler
                0x08000214                SDIO_IRQHandler
                0x08000214                TAMP_STAMP_IRQHandler
                0x08000214                SPI3_IRQHandler
                0x08000214                OTG_FS_IRQHandler
                0x08000214                CAN2_RX1_IRQHandler
                0x08000214                EXTI3_IRQHandler
                0x08000214                TIM8_TRG_COM_TIM14_IRQHandler
                0x08000214                TIM1_UP_TIM10_IRQHandler
                0x08000214                TIM8_UP_TIM13_IRQHandler
                0x08000214                I2C3_ER_IRQHandler
                0x08000214                EXTI0_IRQHandler
                0x08000214                I2C2_EV_IRQHandler
                0x08000214                DMA1_Stream2_IRQHandler
                0x08000214                CAN1_RX0_IRQHandler
                0x08000214                FPU_IRQHandler
                0x08000214                OTG_HS_WKUP_IRQHandler
                0x08000214                USART1_IRQHandler
                0x08000214                CAN2_SCE_IRQHandler
                0x08000214                DMA2_Stream2_IRQHandler
                0x08000214                SPI1_IRQHandler
                0x08000214                TIM6_DAC_IRQHandler
                0x08000214                TIM1_BRK_TIM9_IRQHandler
                0x08000214                DCMI_IRQHandler
                0x08000214                CAN2_RX0_IRQHandler
                0x08000214                DMA2_Stream3_IRQHandler
                0x08000214                USART6_IRQHandler
                0x08000214                USART3_IRQHandler
                0x08000214                CRYP_IRQHandler
                0x08000214                CAN1_RX1_IRQHandler
                0x08000214                UART5_IRQHandler
                0x08000214                DMA2_Stream0_IRQHandler
                0x08000214                TIM4_IRQHandler
                0x08000214                I2C1_EV_IRQHandler
                0x08000214                DMA1_Stream6_IRQHandler
                0x08000214                DMA1_Stream1_IRQHandler
                0x08000214                UART4_IRQHandler
                0x08000214                TIM3_IRQHandler
                0x08000214                RCC_IRQHandler
                0x08000214                TIM8_BRK_TIM12_IRQHandler
                0x08000214                Default_Handler
                0x08000214                EXTI15_10_IRQHandler
                0x08000214                ADC_IRQHandler
                0x08000214                DMA1_Stream7_IRQHandler
                0x08000214                TIM7_IRQHandler
                0x08000214                CAN2_TX_IRQHandler
                0x08000214                TIM5_IRQHandler
                0x08000214                DMA2_Stream7_IRQHandler
                0x08000214                I2C3_EV_IRQHandler
                0x08000214                RTC_WKUP_IRQHandler
                0x08000214                ETH_WKUP_IRQHandler
                0x08000214                SPI2_IRQHandler
                0x08000214                OTG_HS_EP1_IN_IRQHandler
                0x08000214                DMA2_Stream4_IRQHandler
                0x08000214                DMA1_Stream0_IRQHandler
                0x08000214                CAN1_TX_IRQHandler
                0x08000214                FLASH_IRQHandler
                0x08000214                EXTI4_IRQHandler
                0x08000214                FSMC_IRQHandler
                0x08000214                ETH_IRQHandler
                0x08000214                OTG_HS_EP1_OUT_IRQHandler
                0x08000214                WWDG_IRQHandler
                0x08000214                TIM2_IRQHandler
                0x08000214                OTG_FS_WKUP_IRQHandler
                0x08000214                TIM1_TRG_COM_TIM11_IRQHandler
                0x08000214                OTG_HS_IRQHandler
                0x08000214                EXTI1_IRQHandler
                0x08000214                USART2_IRQHandler
                0x08000214                I2C2_ER_IRQHandler
                0x08000214                DMA2_Stream1_IRQHandler
                0x08000214                CAN1_SCE_IRQHandler
                0x08000214                DMA1_Stream3_IRQHandler
                0x0800021c                NMI_Handler
                0x08000224                HardFault_Handler
                0x0800022c                MemManage_Handler
                0x08000234                BusFault_Handler
                0x0800023c                UsageFault_Handler
                0x08000244                SVC_Handler
                0x0800024c                DebugMon_Handler
                0x08000254                PendSV_Handler
                0x0800025c                SysTick_Handler
                0x08000264                . = ALIGN (0x4)

._inits         0x08000264        0x4
                0x08000264                . = ALIGN (0x4)
 *(.init)
 *(.fini)
                0x08000264                . = ALIGN (0x4)
                0x08000264                PROVIDE (__preinit_array_start, .)
 *(.preinit_array_sysinit .preinit_array_sysinit.*)
 .preinit_array_sysinit
                0x08000264        0x4 ./libs/CMSIS/src/startup_cm.o
                0x08000264                p_system_init
 *(.preinit_array_platform .preinit_array_platform.*)
 *(.preinit_array .preinit_array.*)
                0x08000268                PROVIDE (__preinit_array_end, .)
                0x08000268                . = ALIGN (0x4)
                0x08000268                PROVIDE (__init_array_start, .)
 *(SORT(.init_array.*))
 *(.init_array)
                0x08000268                PROVIDE (__init_array_end, .)
                0x08000268                . = ALIGN (0x4)
                0x08000268                PROVIDE (__fini_array_start, .)
 *(SORT(.fini_array.*))
 *(.fini_array)
                0x08000268                PROVIDE (__fini_array_end, .)
                0x08000268                . = ALIGN (0x4)

.flashtext      0x08000268        0x0
                0x08000268                . = ALIGN (0x4)
 *(.flashtext .flashtext.*)
                0x08000268                . = ALIGN (0x4)

.text           0x08000268     0x6c3c
                0x08000268                . = ALIGN (0x4)
 *(.text .text.*)
 .text.nRF24L01P_Init
                0x08000268      0x210 ./src/nRF24L01P/nRF24L01P.o
                0x08000268                nRF24L01P_Init
 .text.nRF24L01P_RxMode
                0x08000478       0x48 ./src/nRF24L01P/nRF24L01P.o
                0x08000478                nRF24L01P_RxMode
 .text.nRF24L01P_SetTxAddress
                0x080004c0       0x3c ./src/nRF24L01P/nRF24L01P.o
                0x080004c0                nRF24L01P_SetTxAddress
 .text.nRF24L01P_SetRxAddress
                0x080004fc       0x84 ./src/nRF24L01P/nRF24L01P.o
                0x080004fc                nRF24L01P_SetRxAddress
 .text.nRF24L01P_ReadPayloadLength
                0x08000580       0x38 ./src/nRF24L01P/nRF24L01P.o
                0x08000580                nRF24L01P_ReadPayloadLength
 .text.nRF24L01P_GetPayload
                0x080005b8       0x3c ./src/nRF24L01P/nRF24L01P.o
                0x080005b8                nRF24L01P_GetPayload
 .text.nRF24L01P_SetStatus
                0x080005f4       0x1c ./src/nRF24L01P/nRF24L01P.o
                0x080005f4                nRF24L01P_SetStatus
 .text.nRF24L01P_FlushTx
                0x08000610       0x24 ./src/nRF24L01P/nRF24L01P.o
                0x08000610                nRF24L01P_FlushTx
 .text.nRF24L01P_FlushRx
                0x08000634       0x24 ./src/nRF24L01P/nRF24L01P.o
                0x08000634                nRF24L01P_FlushRx
 .text.EXTI9_5_IRQHandler
                0x08000658       0x8c ./src/nRF24L01P/nRF24L01P.o
                0x08000658                EXTI9_5_IRQHandler
 .text.nRF24L01P_ReadRegister
                0x080006e4       0x40 ./src/nRF24L01P/nRF24L01P.o
                0x080006e4                nRF24L01P_ReadRegister
 .text.nRF24L01P_ReadRegisterMulti
                0x08000724       0x40 ./src/nRF24L01P/nRF24L01P.o
                0x08000724                nRF24L01P_ReadRegisterMulti
 .text.nRF24L01P_WriteRegister
                0x08000764       0x4c ./src/nRF24L01P/nRF24L01P.o
                0x08000764                nRF24L01P_WriteRegister
 .text.nRF24L01P_WriteRegisterMulti
                0x080007b0       0x48 ./src/nRF24L01P/nRF24L01P.o
                0x080007b0                nRF24L01P_WriteRegisterMulti
 .text.nRF24L01P_PrintRegister
                0x080007f8      0x110 ./src/nRF24L01P/nRF24L01P.o
                0x080007f8                nRF24L01P_PrintRegister
 .text.nRF24L01P_PrintAddress
                0x08000908       0x9c ./src/nRF24L01P/nRF24L01P.o
                0x08000908                nRF24L01P_PrintAddress
 .text.nRF24L01P_Delay_us
                0x080009a4       0x30 ./src/nRF24L01P/nRF24L01P.o
                0x080009a4                nRF24L01P_Delay_us
 .text.nRF24L01P_SPI_Init
                0x080009d4       0xa4 ./src/nRF24L01P/nRF24L01P_SPI.o
                0x080009d4                nRF24L01P_SPI_Init
 .text.nRF24L01P_InitPin
                0x08000a78       0xc4 ./src/nRF24L01P/nRF24L01P_SPI.o
                0x08000a78                nRF24L01P_InitPin
 .text.SPI_Send
                0x08000b3c       0x54 ./src/nRF24L01P/nRF24L01P_SPI.o
                0x08000b3c                SPI_Send
 .text.SPI_WriteMulti
                0x08000b90       0x38 ./src/nRF24L01P/nRF24L01P_SPI.o
                0x08000b90                SPI_WriteMulti
 .text.SPI_ReadMulti
                0x08000bc8       0x44 ./src/nRF24L01P/nRF24L01P_SPI.o
                0x08000bc8                SPI_ReadMulti
 .text.STM_EVAL_LEDInit
                0x08000c0c       0x5c ./src/nRF24L01P/stm32f4_discovery.o
                0x08000c0c                STM_EVAL_LEDInit
 .text.STM_EVAL_LEDOn
                0x08000c68       0x30 ./src/nRF24L01P/stm32f4_discovery.o
                0x08000c68                STM_EVAL_LEDOn
 .text.STM_EVAL_LEDOff
                0x08000c98       0x30 ./src/nRF24L01P/stm32f4_discovery.o
                0x08000c98                STM_EVAL_LEDOff
 .text.STM_EVAL_LEDToggle
                0x08000cc8       0x3c ./src/nRF24L01P/stm32f4_discovery.o
                0x08000cc8                STM_EVAL_LEDToggle
 .text.STM_EVAL_PBInit
                0x08000d04       0x94 ./src/nRF24L01P/stm32f4_discovery.o
                0x08000d04                STM_EVAL_PBInit
 .text.main     0x08000d98       0x10 ./src/main.o
                0x08000d98                main
 .text.setup    0x08000da8       0x60 ./src/main.o
                0x08000da8                setup
 .text.loopRx   0x08000e08       0x34 ./src/main.o
                0x08000e08                loopRx
 .text._sbrk    0x08000e3c       0x68 ./libs/misc/src/_sbrk.o
                0x08000e3c                _sbrk
 .text._write   0x08000ea4       0x2c ./libs/misc/src/_write.o
                0x08000ea4                _write
 .text._write_trace_itm
                0x08000ed0       0x88 ./libs/misc/src/trace_impl.o
                0x08000ed0                _write_trace_itm
 .text.NVIC_Init
                0x08000f58       0xc0 ./libs/StdPeriph/src/misc.o
                0x08000f58                NVIC_Init
 .text.EXTI_Init
                0x08001018       0xe4 ./libs/StdPeriph/src/stm32f4xx_exti.o
                0x08001018                EXTI_Init
 .text.EXTI_GetITStatus
                0x080010fc       0x34 ./libs/StdPeriph/src/stm32f4xx_exti.o
                0x080010fc                EXTI_GetITStatus
 .text.EXTI_ClearITPendingBit
                0x08001130       0x1c ./libs/StdPeriph/src/stm32f4xx_exti.o
                0x08001130                EXTI_ClearITPendingBit
 .text.GPIO_Init
                0x0800114c      0x11c ./libs/StdPeriph/src/stm32f4xx_gpio.o
                0x0800114c                GPIO_Init
 .text.GPIO_PinAFConfig
                0x08001268       0x90 ./libs/StdPeriph/src/stm32f4xx_gpio.o
                0x08001268                GPIO_PinAFConfig
 .text.RCC_AHB1PeriphClockCmd
                0x080012f8       0x3c ./libs/StdPeriph/src/stm32f4xx_rcc.o
                0x080012f8                RCC_AHB1PeriphClockCmd
 .text.RCC_APB1PeriphClockCmd
                0x08001334       0x3c ./libs/StdPeriph/src/stm32f4xx_rcc.o
                0x08001334                RCC_APB1PeriphClockCmd
 .text.RCC_APB2PeriphClockCmd
                0x08001370       0x3c ./libs/StdPeriph/src/stm32f4xx_rcc.o
                0x08001370                RCC_APB2PeriphClockCmd
 .text.SPI_Init
                0x080013ac       0x88 ./libs/StdPeriph/src/stm32f4xx_spi.o
                0x080013ac                SPI_Init
 .text.SPI_StructInit
                0x08001434       0x48 ./libs/StdPeriph/src/stm32f4xx_spi.o
                0x08001434                SPI_StructInit
 .text.SPI_Cmd  0x0800147c       0x40 ./libs/StdPeriph/src/stm32f4xx_spi.o
                0x0800147c                SPI_Cmd
 .text.SPI_I2S_GetFlagStatus
                0x080014bc       0x38 ./libs/StdPeriph/src/stm32f4xx_spi.o
                0x080014bc                SPI_I2S_GetFlagStatus
 .text.SYSCFG_EXTILineConfig
                0x080014f4       0x84 ./libs/StdPeriph/src/stm32f4xx_syscfg.o
                0x080014f4                SYSCFG_EXTILineConfig
 .text.__libc_init_array
                0x08001578       0x6c ./libs/CMSIS/src/startup_cm.o
                0x08001578                __libc_init_array
 .text.__libc_fini_array
                0x080015e4       0x3c ./libs/CMSIS/src/startup_cm.o
                0x080015e4                __libc_fini_array
 .text._exit    0x08001620        0xc ./libs/CMSIS/src/startup_stm32f4xx.o
                0x08001620                _exit
 .text.SystemInit
                0x0800162c       0x58 ./libs/CMSIS/src/system_stm32f4xx.o
                0x0800162c                SystemInit
 .text.SetSysClock
                0x08001684       0xf4 ./libs/CMSIS/src/system_stm32f4xx.o
 .text.__errno  0x08001778        0xc c:/arm/gnu tools arm embedded/4.9 2014q4/bin/../lib/gcc/arm-none-eabi/4.9.3/../../../../arm-none-eabi/lib/armv7e-m\libg.a(lib_a-errno.o)
                0x08001778                __errno
 .text.printf   0x08001784       0x28 c:/arm/gnu tools arm embedded/4.9 2014q4/bin/../lib/gcc/arm-none-eabi/4.9.3/../../../../arm-none-eabi/lib/armv7e-m\libg.a(lib_a-printf.o)
                0x08001784                printf
 .text._vfprintf_r
                0x080017ac     0x13e8 c:/arm/gnu tools arm embedded/4.9 2014q4/bin/../lib/gcc/arm-none-eabi/4.9.3/../../../../arm-none-eabi/lib/armv7e-m\libg.a(lib_a-vfprintf.o)
                0x080017ac                _vfprintf_r
 .text.__sbprintf
                0x08002b94       0x78 c:/arm/gnu tools arm embedded/4.9 2014q4/bin/../lib/gcc/arm-none-eabi/4.9.3/../../../../arm-none-eabi/lib/armv7e-m\libg.a(lib_a-vfprintf.o)
 .text.__swsetup_r
                0x08002c0c       0xc4 c:/arm/gnu tools arm embedded/4.9 2014q4/bin/../lib/gcc/arm-none-eabi/4.9.3/../../../../arm-none-eabi/lib/armv7e-m\libg.a(lib_a-wsetup.o)
                0x08002c0c                __swsetup_r
 .text.quorem   0x08002cd0      0x12c c:/arm/gnu tools arm embedded/4.9 2014q4/bin/../lib/gcc/arm-none-eabi/4.9.3/../../../../arm-none-eabi/lib/armv7e-m\libg.a(lib_a-dtoa.o)
 *fill*         0x08002dfc        0x4 
 .text._dtoa_r  0x08002e00      0xe98 c:/arm/gnu tools arm embedded/4.9 2014q4/bin/../lib/gcc/arm-none-eabi/4.9.3/../../../../arm-none-eabi/lib/armv7e-m\libg.a(lib_a-dtoa.o)
                0x08002e00                _dtoa_r
 .text.__sflush_r
                0x08003c98      0x154 c:/arm/gnu tools arm embedded/4.9 2014q4/bin/../lib/gcc/arm-none-eabi/4.9.3/../../../../arm-none-eabi/lib/armv7e-m\libg.a(lib_a-fflush.o)
                0x08003c98                __sflush_r
 .text._fflush_r
                0x08003dec       0x2c c:/arm/gnu tools arm embedded/4.9 2014q4/bin/../lib/gcc/arm-none-eabi/4.9.3/../../../../arm-none-eabi/lib/armv7e-m\libg.a(lib_a-fflush.o)
                0x08003dec                _fflush_r
 .text._cleanup_r
                0x08003e18        0xc c:/arm/gnu tools arm embedded/4.9 2014q4/bin/../lib/gcc/arm-none-eabi/4.9.3/../../../../arm-none-eabi/lib/armv7e-m\libg.a(lib_a-findfp.o)
                0x08003e18                _cleanup_r
 .text.__sinit.part.1
                0x08003e24       0xf0 c:/arm/gnu tools arm embedded/4.9 2014q4/bin/../lib/gcc/arm-none-eabi/4.9.3/../../../../arm-none-eabi/lib/armv7e-m\libg.a(lib_a-findfp.o)
 .text.__sinit  0x08003f14        0xc c:/arm/gnu tools arm embedded/4.9 2014q4/bin/../lib/gcc/arm-none-eabi/4.9.3/../../../../arm-none-eabi/lib/armv7e-m\libg.a(lib_a-findfp.o)
                0x08003f14                __sinit
 .text.__sfp_lock_acquire
                0x08003f20        0x4 c:/arm/gnu tools arm embedded/4.9 2014q4/bin/../lib/gcc/arm-none-eabi/4.9.3/../../../../arm-none-eabi/lib/armv7e-m\libg.a(lib_a-findfp.o)
                0x08003f20                __sfp_lock_acquire
 .text.__sfp_lock_release
                0x08003f24        0x4 c:/arm/gnu tools arm embedded/4.9 2014q4/bin/../lib/gcc/arm-none-eabi/4.9.3/../../../../arm-none-eabi/lib/armv7e-m\libg.a(lib_a-findfp.o)
                0x08003f24                __sfp_lock_release
 .text._malloc_trim_r
                0x08003f28       0x9c c:/arm/gnu tools arm embedded/4.9 2014q4/bin/../lib/gcc/arm-none-eabi/4.9.3/../../../../arm-none-eabi/lib/armv7e-m\libg.a(lib_a-freer.o)
                0x08003f28                _malloc_trim_r
 .text._free_r  0x08003fc4      0x1b0 c:/arm/gnu tools arm embedded/4.9 2014q4/bin/../lib/gcc/arm-none-eabi/4.9.3/../../../../arm-none-eabi/lib/armv7e-m\libg.a(lib_a-freer.o)
                0x08003fc4                _free_r
 .text._fwalk_reent
                0x08004174       0x54 c:/arm/gnu tools arm embedded/4.9 2014q4/bin/../lib/gcc/arm-none-eabi/4.9.3/../../../../arm-none-eabi/lib/armv7e-m\libg.a(lib_a-fwalk.o)
                0x08004174                _fwalk_reent
 .text.__locale_charset
                0x080041c8        0x8 c:/arm/gnu tools arm embedded/4.9 2014q4/bin/../lib/gcc/arm-none-eabi/4.9.3/../../../../arm-none-eabi/lib/armv7e-m\libg.a(lib_a-locale.o)
                0x080041c8                __locale_charset
 .text.__locale_mb_cur_max
                0x080041d0        0xc c:/arm/gnu tools arm embedded/4.9 2014q4/bin/../lib/gcc/arm-none-eabi/4.9.3/../../../../arm-none-eabi/lib/armv7e-m\libg.a(lib_a-locale.o)
                0x080041d0                __locale_mb_cur_max
 .text._localeconv_r
                0x080041dc        0x8 c:/arm/gnu tools arm embedded/4.9 2014q4/bin/../lib/gcc/arm-none-eabi/4.9.3/../../../../arm-none-eabi/lib/armv7e-m\libg.a(lib_a-locale.o)
                0x080041dc                _localeconv_r
 .text.__smakebuf_r
                0x080041e4       0xe0 c:/arm/gnu tools arm embedded/4.9 2014q4/bin/../lib/gcc/arm-none-eabi/4.9.3/../../../../arm-none-eabi/lib/armv7e-m\libg.a(lib_a-makebuf.o)
                0x080041e4                __smakebuf_r
 .text._malloc_r
                0x080042c4      0x51c c:/arm/gnu tools arm embedded/4.9 2014q4/bin/../lib/gcc/arm-none-eabi/4.9.3/../../../../arm-none-eabi/lib/armv7e-m\libg.a(lib_a-mallocr.o)
                0x080042c4                _malloc_r
 .text.memchr   0x080047e0       0x94 c:/arm/gnu tools arm embedded/4.9 2014q4/bin/../lib/gcc/arm-none-eabi/4.9.3/../../../../arm-none-eabi/lib/armv7e-m\libg.a(lib_a-memchr.o)
                0x080047e0                memchr
 .text          0x08004874      0x134 c:/arm/gnu tools arm embedded/4.9 2014q4/bin/../lib/gcc/arm-none-eabi/4.9.3/../../../../arm-none-eabi/lib/armv7e-m\libg.a(lib_a-memcpy.o)
                0x08004874                memcpy
 .text.memset   0x080049a8       0x9c c:/arm/gnu tools arm embedded/4.9 2014q4/bin/../lib/gcc/arm-none-eabi/4.9.3/../../../../arm-none-eabi/lib/armv7e-m\libg.a(lib_a-memset.o)
                0x080049a8                memset
 .text.__malloc_lock
                0x08004a44        0x4 c:/arm/gnu tools arm embedded/4.9 2014q4/bin/../lib/gcc/arm-none-eabi/4.9.3/../../../../arm-none-eabi/lib/armv7e-m\libg.a(lib_a-mlock.o)
                0x08004a44                __malloc_lock
 .text.__malloc_unlock
                0x08004a48        0x4 c:/arm/gnu tools arm embedded/4.9 2014q4/bin/../lib/gcc/arm-none-eabi/4.9.3/../../../../arm-none-eabi/lib/armv7e-m\libg.a(lib_a-mlock.o)
                0x08004a48                __malloc_unlock
 .text._Balloc  0x08004a4c       0x4c c:/arm/gnu tools arm embedded/4.9 2014q4/bin/../lib/gcc/arm-none-eabi/4.9.3/../../../../arm-none-eabi/lib/armv7e-m\libg.a(lib_a-mprec.o)
                0x08004a4c                _Balloc
 .text._Bfree   0x08004a98       0x14 c:/arm/gnu tools arm embedded/4.9 2014q4/bin/../lib/gcc/arm-none-eabi/4.9.3/../../../../arm-none-eabi/lib/armv7e-m\libg.a(lib_a-mprec.o)
                0x08004a98                _Bfree
 .text.__multadd
                0x08004aac       0x84 c:/arm/gnu tools arm embedded/4.9 2014q4/bin/../lib/gcc/arm-none-eabi/4.9.3/../../../../arm-none-eabi/lib/armv7e-m\libg.a(lib_a-mprec.o)
                0x08004aac                __multadd
 .text.__hi0bits
                0x08004b30       0x40 c:/arm/gnu tools arm embedded/4.9 2014q4/bin/../lib/gcc/arm-none-eabi/4.9.3/../../../../arm-none-eabi/lib/armv7e-m\libg.a(lib_a-mprec.o)
                0x08004b30                __hi0bits
 .text.__lo0bits
                0x08004b70       0x5c c:/arm/gnu tools arm embedded/4.9 2014q4/bin/../lib/gcc/arm-none-eabi/4.9.3/../../../../arm-none-eabi/lib/armv7e-m\libg.a(lib_a-mprec.o)
                0x08004b70                __lo0bits
 .text.__i2b    0x08004bcc       0x14 c:/arm/gnu tools arm embedded/4.9 2014q4/bin/../lib/gcc/arm-none-eabi/4.9.3/../../../../arm-none-eabi/lib/armv7e-m\libg.a(lib_a-mprec.o)
                0x08004bcc                __i2b
 .text.__multiply
                0x08004be0      0x134 c:/arm/gnu tools arm embedded/4.9 2014q4/bin/../lib/gcc/arm-none-eabi/4.9.3/../../../../arm-none-eabi/lib/armv7e-m\libg.a(lib_a-mprec.o)
                0x08004be0                __multiply
 .text.__pow5mult
                0x08004d14       0xa0 c:/arm/gnu tools arm embedded/4.9 2014q4/bin/../lib/gcc/arm-none-eabi/4.9.3/../../../../arm-none-eabi/lib/armv7e-m\libg.a(lib_a-mprec.o)
                0x08004d14                __pow5mult
 .text.__lshift
                0x08004db4       0xac c:/arm/gnu tools arm embedded/4.9 2014q4/bin/../lib/gcc/arm-none-eabi/4.9.3/../../../../arm-none-eabi/lib/armv7e-m\libg.a(lib_a-mprec.o)
                0x08004db4                __lshift
 .text.__mcmp   0x08004e60       0x48 c:/arm/gnu tools arm embedded/4.9 2014q4/bin/../lib/gcc/arm-none-eabi/4.9.3/../../../../arm-none-eabi/lib/armv7e-m\libg.a(lib_a-mprec.o)
                0x08004e60                __mcmp
 .text.__mdiff  0x08004ea8       0xd4 c:/arm/gnu tools arm embedded/4.9 2014q4/bin/../lib/gcc/arm-none-eabi/4.9.3/../../../../arm-none-eabi/lib/armv7e-m\libg.a(lib_a-mprec.o)
                0x08004ea8                __mdiff
 .text.__d2b    0x08004f7c       0xb8 c:/arm/gnu tools arm embedded/4.9 2014q4/bin/../lib/gcc/arm-none-eabi/4.9.3/../../../../arm-none-eabi/lib/armv7e-m\libg.a(lib_a-mprec.o)
                0x08004f7c                __d2b
 .text.__fpclassifyd
                0x08005034       0x58 c:/arm/gnu tools arm embedded/4.9 2014q4/bin/../lib/gcc/arm-none-eabi/4.9.3/../../../../arm-none-eabi/lib/armv7e-m\libg.a(lib_a-s_fpclassify.o)
                0x08005034                __fpclassifyd
 .text._sbrk_r  0x0800508c       0x24 c:/arm/gnu tools arm embedded/4.9 2014q4/bin/../lib/gcc/arm-none-eabi/4.9.3/../../../../arm-none-eabi/lib/armv7e-m\libg.a(lib_a-sbrkr.o)
                0x0800508c                _sbrk_r
 .text.__sread  0x080050b0       0x24 c:/arm/gnu tools arm embedded/4.9 2014q4/bin/../lib/gcc/arm-none-eabi/4.9.3/../../../../arm-none-eabi/lib/armv7e-m\libg.a(lib_a-stdio.o)
                0x080050b0                __sread
 .text.__swrite
                0x080050d4       0x38 c:/arm/gnu tools arm embedded/4.9 2014q4/bin/../lib/gcc/arm-none-eabi/4.9.3/../../../../arm-none-eabi/lib/armv7e-m\libg.a(lib_a-stdio.o)
                0x080050d4                __swrite
 .text.__sseek  0x0800510c       0x20 c:/arm/gnu tools arm embedded/4.9 2014q4/bin/../lib/gcc/arm-none-eabi/4.9.3/../../../../arm-none-eabi/lib/armv7e-m\libg.a(lib_a-stdio.o)
                0x0800510c                __sseek
 .text.__sclose
                0x0800512c        0x8 c:/arm/gnu tools arm embedded/4.9 2014q4/bin/../lib/gcc/arm-none-eabi/4.9.3/../../../../arm-none-eabi/lib/armv7e-m\libg.a(lib_a-stdio.o)
                0x0800512c                __sclose
 .text.strlen   0x08005134       0x5c c:/arm/gnu tools arm embedded/4.9 2014q4/bin/../lib/gcc/arm-none-eabi/4.9.3/../../../../arm-none-eabi/lib/armv7e-m\libg.a(lib_a-strlen.o)
                0x08005134                strlen
 .text.__sprint_r.part.0
                0x08005190       0x78 c:/arm/gnu tools arm embedded/4.9 2014q4/bin/../lib/gcc/arm-none-eabi/4.9.3/../../../../arm-none-eabi/lib/armv7e-m\libg.a(lib_a-vfiprintf.o)
 .text.__sprint_r
                0x08005208       0x18 c:/arm/gnu tools arm embedded/4.9 2014q4/bin/../lib/gcc/arm-none-eabi/4.9.3/../../../../arm-none-eabi/lib/armv7e-m\libg.a(lib_a-vfiprintf.o)
                0x08005208                __sprint_r
 .text._write_r
                0x08005220       0x28 c:/arm/gnu tools arm embedded/4.9 2014q4/bin/../lib/gcc/arm-none-eabi/4.9.3/../../../../arm-none-eabi/lib/armv7e-m\libg.a(lib_a-writer.o)
                0x08005220                _write_r
 .text._calloc_r
                0x08005248       0x60 c:/arm/gnu tools arm embedded/4.9 2014q4/bin/../lib/gcc/arm-none-eabi/4.9.3/../../../../arm-none-eabi/lib/armv7e-m\libg.a(lib_a-callocr.o)
                0x08005248                _calloc_r
 .text._close_r
                0x080052a8       0x24 c:/arm/gnu tools arm embedded/4.9 2014q4/bin/../lib/gcc/arm-none-eabi/4.9.3/../../../../arm-none-eabi/lib/armv7e-m\libg.a(lib_a-closer.o)
                0x080052a8                _close_r
 .text._fclose_r
                0x080052cc       0x84 c:/arm/gnu tools arm embedded/4.9 2014q4/bin/../lib/gcc/arm-none-eabi/4.9.3/../../../../arm-none-eabi/lib/armv7e-m\libg.a(lib_a-fclose.o)
                0x080052cc                _fclose_r
 .text._fputwc_r
                0x08005350       0xc4 c:/arm/gnu tools arm embedded/4.9 2014q4/bin/../lib/gcc/arm-none-eabi/4.9.3/../../../../arm-none-eabi/lib/armv7e-m\libg.a(lib_a-fputwc.o)
                0x08005350                _fputwc_r
 .text._fstat_r
                0x08005414       0x28 c:/arm/gnu tools arm embedded/4.9 2014q4/bin/../lib/gcc/arm-none-eabi/4.9.3/../../../../arm-none-eabi/lib/armv7e-m\libg.a(lib_a-fstatr.o)
                0x08005414                _fstat_r
 .text.__sfvwrite_r
                0x0800543c      0x318 c:/arm/gnu tools arm embedded/4.9 2014q4/bin/../lib/gcc/arm-none-eabi/4.9.3/../../../../arm-none-eabi/lib/armv7e-m\libg.a(lib_a-fvwrite.o)
                0x0800543c                __sfvwrite_r
 .text._isatty_r
                0x08005754       0x24 c:/arm/gnu tools arm embedded/4.9 2014q4/bin/../lib/gcc/arm-none-eabi/4.9.3/../../../../arm-none-eabi/lib/armv7e-m\libg.a(lib_a-isattyr.o)
                0x08005754                _isatty_r
 .text._lseek_r
                0x08005778       0x28 c:/arm/gnu tools arm embedded/4.9 2014q4/bin/../lib/gcc/arm-none-eabi/4.9.3/../../../../arm-none-eabi/lib/armv7e-m\libg.a(lib_a-lseekr.o)
                0x08005778                _lseek_r
 .text.memmove  0x080057a0       0xc8 c:/arm/gnu tools arm embedded/4.9 2014q4/bin/../lib/gcc/arm-none-eabi/4.9.3/../../../../arm-none-eabi/lib/armv7e-m\libg.a(lib_a-memmove.o)
                0x080057a0                memmove
 .text._read_r  0x08005868       0x28 c:/arm/gnu tools arm embedded/4.9 2014q4/bin/../lib/gcc/arm-none-eabi/4.9.3/../../../../arm-none-eabi/lib/armv7e-m\libg.a(lib_a-readr.o)
                0x08005868                _read_r
 .text._realloc_r
                0x08005890      0x3ec c:/arm/gnu tools arm embedded/4.9 2014q4/bin/../lib/gcc/arm-none-eabi/4.9.3/../../../../arm-none-eabi/lib/armv7e-m\libg.a(lib_a-reallocr.o)
                0x08005890                _realloc_r
 .text.__swbuf_r
                0x08005c7c       0xa8 c:/arm/gnu tools arm embedded/4.9 2014q4/bin/../lib/gcc/arm-none-eabi/4.9.3/../../../../arm-none-eabi/lib/armv7e-m\libg.a(lib_a-wbuf.o)
                0x08005c7c                __swbuf_r
 .text._wcrtomb_r
                0x08005d24       0x54 c:/arm/gnu tools arm embedded/4.9 2014q4/bin/../lib/gcc/arm-none-eabi/4.9.3/../../../../arm-none-eabi/lib/armv7e-m\libg.a(lib_a-wcrtomb.o)
                0x08005d24                _wcrtomb_r
 .text.__ascii_wctomb
                0x08005d78       0x1c c:/arm/gnu tools arm embedded/4.9 2014q4/bin/../lib/gcc/arm-none-eabi/4.9.3/../../../../arm-none-eabi/lib/armv7e-m\libg.a(lib_a-wctomb_r.o)
                0x08005d78                __ascii_wctomb
 .text          0x08005d94      0x370 c:/arm/gnu tools arm embedded/4.9 2014q4/bin/../lib/gcc/arm-none-eabi/4.9.3/armv7e-m\libgcc.a(_arm_addsubdf3.o)
                0x08005d94                __aeabi_drsub
                0x08005d9c                __aeabi_dsub
                0x08005d9c                __subdf3
                0x08005da0                __aeabi_dadd
                0x08005da0                __adddf3
                0x08006018                __floatunsidf
                0x08006018                __aeabi_ui2d
                0x08006038                __floatsidf
                0x08006038                __aeabi_i2d
                0x0800605c                __aeabi_f2d
                0x0800605c                __extendsfdf2
                0x08006098                __floatundidf
                0x08006098                __aeabi_ul2d
                0x080060a8                __floatdidf
                0x080060a8                __aeabi_l2d
 .text          0x08006104      0x424 c:/arm/gnu tools arm embedded/4.9 2014q4/bin/../lib/gcc/arm-none-eabi/4.9.3/armv7e-m\libgcc.a(_arm_muldivdf3.o)
                0x08006104                __aeabi_dmul
                0x08006104                __muldf3
                0x08006358                __divdf3
                0x08006358                __aeabi_ddiv
 .text          0x08006528      0x110 c:/arm/gnu tools arm embedded/4.9 2014q4/bin/../lib/gcc/arm-none-eabi/4.9.3/armv7e-m\libgcc.a(_arm_cmpdf2.o)
                0x08006528                __gtdf2
                0x08006528                __gedf2
                0x08006530                __ltdf2
                0x08006530                __ledf2
                0x08006538                __nedf2
                0x08006538                __eqdf2
                0x08006538                __cmpdf2
                0x080065b4                __aeabi_cdrcmple
                0x080065c4                __aeabi_cdcmpeq
                0x080065c4                __aeabi_cdcmple
                0x080065d4                __aeabi_dcmpeq
                0x080065e8                __aeabi_dcmplt
                0x080065fc                __aeabi_dcmple
                0x08006610                __aeabi_dcmpge
                0x08006624                __aeabi_dcmpgt
 .text          0x08006638       0x50 c:/arm/gnu tools arm embedded/4.9 2014q4/bin/../lib/gcc/arm-none-eabi/4.9.3/armv7e-m\libgcc.a(_arm_fixdfsi.o)
                0x08006638                __aeabi_d2iz
                0x08006638                __fixdfsi
 .text          0x08006688       0x2c c:/arm/gnu tools arm embedded/4.9 2014q4/bin/../lib/gcc/arm-none-eabi/4.9.3/armv7e-m\libgcc.a(_aeabi_uldivmod.o)
                0x08006688                __aeabi_uldivmod
 .text          0x080066b4       0x60 c:/arm/gnu tools arm embedded/4.9 2014q4/bin/../lib/gcc/arm-none-eabi/4.9.3/armv7e-m\libgcc.a(bpabi.o)
                0x080066b4                __gnu_ldivmod_helper
                0x080066e4                __gnu_uldivmod_helper
 .text          0x08006714        0x4 c:/arm/gnu tools arm embedded/4.9 2014q4/bin/../lib/gcc/arm-none-eabi/4.9.3/armv7e-m\libgcc.a(_dvmd_tls.o)
                0x08006714                __aeabi_idiv0
                0x08006714                __aeabi_ldiv0
 .text          0x08006718      0x29c c:/arm/gnu tools arm embedded/4.9 2014q4/bin/../lib/gcc/arm-none-eabi/4.9.3/armv7e-m\libgcc.a(_divdi3.o)
                0x08006718                __divdi3
 .text          0x080069b4      0x26c c:/arm/gnu tools arm embedded/4.9 2014q4/bin/../lib/gcc/arm-none-eabi/4.9.3/armv7e-m\libgcc.a(_udivdi3.o)
                0x080069b4                __udivdi3
 .text._close   0x08006c20       0x10 c:/arm/gnu tools arm embedded/4.9 2014q4/bin/../lib/gcc/arm-none-eabi/4.9.3/../../../../arm-none-eabi/lib/armv7e-m\libnosys.a(close.o)
                0x08006c20                _close
 .text._fstat   0x08006c30       0x10 c:/arm/gnu tools arm embedded/4.9 2014q4/bin/../lib/gcc/arm-none-eabi/4.9.3/../../../../arm-none-eabi/lib/armv7e-m\libnosys.a(fstat.o)
                0x08006c30                _fstat
 .text._isatty  0x08006c40       0x10 c:/arm/gnu tools arm embedded/4.9 2014q4/bin/../lib/gcc/arm-none-eabi/4.9.3/../../../../arm-none-eabi/lib/armv7e-m\libnosys.a(isatty.o)
                0x08006c40                _isatty
 .text._lseek   0x08006c50       0x10 c:/arm/gnu tools arm embedded/4.9 2014q4/bin/../lib/gcc/arm-none-eabi/4.9.3/../../../../arm-none-eabi/lib/armv7e-m\libnosys.a(lseek.o)
                0x08006c50                _lseek
 .text._read    0x08006c60       0x10 c:/arm/gnu tools arm embedded/4.9 2014q4/bin/../lib/gcc/arm-none-eabi/4.9.3/../../../../arm-none-eabi/lib/armv7e-m\libnosys.a(read.o)
                0x08006c60                _read
 *(.rodata .rodata.*)
 .rodata        0x08006c70       0x9c ./src/nRF24L01P/nRF24L01P.o
 .rodata.GPIO_PIN
                0x08006d0c        0x8 ./src/nRF24L01P/stm32f4_discovery.o
                0x08006d0c                GPIO_PIN
 .rodata.GPIO_CLK
                0x08006d14       0x10 ./src/nRF24L01P/stm32f4_discovery.o
                0x08006d14                GPIO_CLK
 .rodata.str1.4
                0x08006d24        0x2 c:/arm/gnu tools arm embedded/4.9 2014q4/bin/../lib/gcc/arm-none-eabi/4.9.3/../../../../arm-none-eabi/lib/armv7e-m\libg.a(lib_a-impure.o)
                                  0x4 (size before relaxing)
 *fill*         0x08006d26        0x2 
 .rodata.zeroes.6810
                0x08006d28       0x10 c:/arm/gnu tools arm embedded/4.9 2014q4/bin/../lib/gcc/arm-none-eabi/4.9.3/../../../../arm-none-eabi/lib/armv7e-m\libg.a(lib_a-vfprintf.o)
 .rodata.str1.4
                0x08006d38       0x42 c:/arm/gnu tools arm embedded/4.9 2014q4/bin/../lib/gcc/arm-none-eabi/4.9.3/../../../../arm-none-eabi/lib/armv7e-m\libg.a(lib_a-vfprintf.o)
                                 0x44 (size before relaxing)
 *fill*         0x08006d7a        0x2 
 .rodata.blanks.6809
                0x08006d7c       0x10 c:/arm/gnu tools arm embedded/4.9 2014q4/bin/../lib/gcc/arm-none-eabi/4.9.3/../../../../arm-none-eabi/lib/armv7e-m\libg.a(lib_a-vfprintf.o)
 .rodata.str1.4
                0x08006d8c       0x10 c:/arm/gnu tools arm embedded/4.9 2014q4/bin/../lib/gcc/arm-none-eabi/4.9.3/../../../../arm-none-eabi/lib/armv7e-m\libg.a(lib_a-dtoa.o)
                                 0x14 (size before relaxing)
 .rodata.str1.4
                0x08006d9c        0xc c:/arm/gnu tools arm embedded/4.9 2014q4/bin/../lib/gcc/arm-none-eabi/4.9.3/../../../../arm-none-eabi/lib/armv7e-m\libg.a(lib_a-locale.o)
                                 0x14 (size before relaxing)
 .rodata.__mprec_tens
                0x08006da8       0xc8 c:/arm/gnu tools arm embedded/4.9 2014q4/bin/../lib/gcc/arm-none-eabi/4.9.3/../../../../arm-none-eabi/lib/armv7e-m\libg.a(lib_a-mprec.o)
                0x08006da8                __mprec_tens
 .rodata.__mprec_bigtens
                0x08006e70       0x28 c:/arm/gnu tools arm embedded/4.9 2014q4/bin/../lib/gcc/arm-none-eabi/4.9.3/../../../../arm-none-eabi/lib/armv7e-m\libg.a(lib_a-mprec.o)
                0x08006e70                __mprec_bigtens
 .rodata.p05.5265
                0x08006e98        0xc c:/arm/gnu tools arm embedded/4.9 2014q4/bin/../lib/gcc/arm-none-eabi/4.9.3/../../../../arm-none-eabi/lib/armv7e-m\libg.a(lib_a-mprec.o)
 *(.eh_frame*)
 .eh_frame      0x08006ea4        0x0 c:/arm/gnu tools arm embedded/4.9 2014q4/bin/../lib/gcc/arm-none-eabi/4.9.3/../../../../arm-none-eabi/lib/armv7e-m\libg.a(lib_a-strcmp.o)
                                 0x70 (size before relaxing)
 *(.glue_7)
 .glue_7        0x00000000        0x0 linker stubs
 *(.glue_7t)
 .glue_7t       0x00000000        0x0 linker stubs

.vfp11_veneer   0x08006ea4        0x0
 .vfp11_veneer  0x00000000        0x0 linker stubs

.v4_bx          0x08006ea4        0x0
 .v4_bx         0x00000000        0x0 linker stubs

.iplt           0x08006ea4        0x0
 .iplt          0x00000000        0x0 ./src/nRF24L01P/nRF24L01P.o

.ARM.extab
 *(.ARM.extab* .gnu.linkonce.armextab.*)
                0x08006ea4                __exidx_start = .

.ARM.exidx      0x08006ea4        0x8
 *(.ARM.exidx* .gnu.linkonce.armexidx.*)
 .ARM.exidx     0x08006ea4        0x8 c:/arm/gnu tools arm embedded/4.9 2014q4/bin/../lib/gcc/arm-none-eabi/4.9.3/armv7e-m\libgcc.a(_divdi3.o)
 .ARM.exidx     0x08006eac        0x0 c:/arm/gnu tools arm embedded/4.9 2014q4/bin/../lib/gcc/arm-none-eabi/4.9.3/armv7e-m\libgcc.a(_udivdi3.o)
                                  0x8 (size before relaxing)
                0x08006eac                __exidx_end = .

.rel.dyn        0x08006eac        0x0
 .rel.iplt      0x00000000        0x0 ./src/nRF24L01P/nRF24L01P.o
                0x08006eac                . = ALIGN (0x4)
                0x08006eac                _etext = .
                0x08006eac                _sidata = _etext

.ROarraySection
 *(.ROarraySection .ROarraySection.*)

.data           0x20000000      0x8c4 load address 0x08006eac
                0x20000000                . = ALIGN (0x4)
                0x20000000                _sdata = .
                0x20000000                __data_start__ = .
 *(vtable)
 *(.data .data.*)
 .data.RxAddress
                0x20000000        0x8 ./src/nRF24L01P/nRF24L01P.o
                0x20000000                RxAddress
 .data.TxAddress
                0x20000008        0x8 ./src/nRF24L01P/nRF24L01P.o
                0x20000008                TxAddress
 .data.GPIO_PORT
                0x20000010       0x10 ./src/nRF24L01P/stm32f4_discovery.o
                0x20000010                GPIO_PORT
 .data.BUTTON_PORT
                0x20000020        0x4 ./src/nRF24L01P/stm32f4_discovery.o
                0x20000020                BUTTON_PORT
 .data.LEDs     0x20000024        0x4 ./src/main.o
 .data.impure_data
                0x20000028      0x428 c:/arm/gnu tools arm embedded/4.9 2014q4/bin/../lib/gcc/arm-none-eabi/4.9.3/../../../../arm-none-eabi/lib/armv7e-m\libg.a(lib_a-impure.o)
 .data._impure_ptr
                0x20000450        0x4 c:/arm/gnu tools arm embedded/4.9 2014q4/bin/../lib/gcc/arm-none-eabi/4.9.3/../../../../arm-none-eabi/lib/armv7e-m\libg.a(lib_a-impure.o)
                0x20000450                _impure_ptr
 .data.lconv    0x20000454       0x38 c:/arm/gnu tools arm embedded/4.9 2014q4/bin/../lib/gcc/arm-none-eabi/4.9.3/../../../../arm-none-eabi/lib/armv7e-m\libg.a(lib_a-locale.o)
 .data.lc_ctype_charset
                0x2000048c       0x20 c:/arm/gnu tools arm embedded/4.9 2014q4/bin/../lib/gcc/arm-none-eabi/4.9.3/../../../../arm-none-eabi/lib/armv7e-m\libg.a(lib_a-locale.o)
 .data.__mb_cur_max
                0x200004ac        0x4 c:/arm/gnu tools arm embedded/4.9 2014q4/bin/../lib/gcc/arm-none-eabi/4.9.3/../../../../arm-none-eabi/lib/armv7e-m\libg.a(lib_a-locale.o)
                0x200004ac                __mb_cur_max
 .data.__malloc_av_
                0x200004b0      0x408 c:/arm/gnu tools arm embedded/4.9 2014q4/bin/../lib/gcc/arm-none-eabi/4.9.3/../../../../arm-none-eabi/lib/armv7e-m\libg.a(lib_a-mallocr.o)
                0x200004b0                __malloc_av_
 .data.__malloc_trim_threshold
                0x200008b8        0x4 c:/arm/gnu tools arm embedded/4.9 2014q4/bin/../lib/gcc/arm-none-eabi/4.9.3/../../../../arm-none-eabi/lib/armv7e-m\libg.a(lib_a-mallocr.o)
                0x200008b8                __malloc_trim_threshold
 .data.__malloc_sbrk_base
                0x200008bc        0x4 c:/arm/gnu tools arm embedded/4.9 2014q4/bin/../lib/gcc/arm-none-eabi/4.9.3/../../../../arm-none-eabi/lib/armv7e-m\libg.a(lib_a-mallocr.o)
                0x200008bc                __malloc_sbrk_base
 .data.__wctomb
                0x200008c0        0x4 c:/arm/gnu tools arm embedded/4.9 2014q4/bin/../lib/gcc/arm-none-eabi/4.9.3/../../../../arm-none-eabi/lib/armv7e-m\libg.a(lib_a-wctomb_r.o)
                0x200008c0                __wctomb
                0x200008c4                . = ALIGN (0x4)
                0x200008c4                _edata = .
                0x200008c4                __data_end__ = .

.igot.plt       0x200008c4        0x0 load address 0x08007770
 .igot.plt      0x00000000        0x0 ./src/nRF24L01P/nRF24L01P.o

.bss            0x200008c4       0x80 load address 0x08007770
                0x200008c4                . = ALIGN (0x4)
                0x200008c4                __bss_start__ = .
                0x200008c4                _sbss = .
 *(.bss .bss.*)
 .bss.current_heap_end.4302
                0x200008c4        0x4 ./libs/misc/src/_sbrk.o
 .bss.isInitialised.4082
                0x200008c8        0x4 ./libs/misc/src/trace_impl.o
 .bss.__malloc_max_total_mem
                0x200008cc        0x4 c:/arm/gnu tools arm embedded/4.9 2014q4/bin/../lib/gcc/arm-none-eabi/4.9.3/../../../../arm-none-eabi/lib/armv7e-m\libg.a(lib_a-mallocr.o)
                0x200008cc                __malloc_max_total_mem
 .bss.__malloc_max_sbrked_mem
                0x200008d0        0x4 c:/arm/gnu tools arm embedded/4.9 2014q4/bin/../lib/gcc/arm-none-eabi/4.9.3/../../../../arm-none-eabi/lib/armv7e-m\libg.a(lib_a-mallocr.o)
                0x200008d0                __malloc_max_sbrked_mem
 .bss.__malloc_top_pad
                0x200008d4        0x4 c:/arm/gnu tools arm embedded/4.9 2014q4/bin/../lib/gcc/arm-none-eabi/4.9.3/../../../../arm-none-eabi/lib/armv7e-m\libg.a(lib_a-mallocr.o)
                0x200008d4                __malloc_top_pad
 .bss.__malloc_current_mallinfo
                0x200008d8       0x28 c:/arm/gnu tools arm embedded/4.9 2014q4/bin/../lib/gcc/arm-none-eabi/4.9.3/../../../../arm-none-eabi/lib/armv7e-m\libg.a(lib_a-mallocr.o)
                0x200008d8                __malloc_current_mallinfo
 *(COMMON)
 COMMON         0x20000900       0x40 ./src/nRF24L01P/nRF24L01P.o
                0x20000900                nRF24L01P
 COMMON         0x20000940        0x4 c:/arm/gnu tools arm embedded/4.9 2014q4/bin/../lib/gcc/arm-none-eabi/4.9.3/../../../../arm-none-eabi/lib/armv7e-m\libg.a(lib_a-reent.o)
                0x20000940                errno
                0x20000944                . = ALIGN (0x4)
                0x20000944                __bss_end__ = .
                0x20000944                _ebss = .

.noinit         0x20000944        0x0
                0x20000944                . = ALIGN (0x4)
                0x20000944                _noinit = .
 *(.noinit .noinit.*)
                0x20000944                . = ALIGN (0x4)
                0x20000944                _end_noinit = .
                0x20000944                PROVIDE (end, _end_noinit)
                0x20000944                PROVIDE (_end, _end_noinit)
                0x20000944                PROVIDE (__end, _end_noinit)
                0x20000944                PROVIDE (__end__, _end_noinit)

._check_stack   0x20000944      0x100 load address 0x080077f0
                0x20000944                . = ALIGN (0x4)
                0x20000a44                . = (. + _Minimum_Stack_Size)
 *fill*         0x20000944      0x100 
                0x20000a44                . = ALIGN (0x4)

.bss_CCMRAM
 *(.bss.CCMRAM .bss.CCMRAM.*)

.b1text
 *(.b1text)
 *(.b1rodata)
 *(.b1rodata.*)

.eb0text
 *(.eb0text)
 *(.eb0rodata)
 *(.eb0rodata.*)

.eb1text
 *(.eb1text)
 *(.eb1rodata)
 *(.eb1rodata.*)

.eb2text
 *(.eb2text)
 *(.eb2rodata)
 *(.eb2rodata.*)

.eb3text
 *(.eb3text)
 *(.eb3rodata)
 *(.eb3rodata.*)

.stab           0x00000000       0x84
 *(.stab)
 .stab          0x00000000       0x24 c:/arm/gnu tools arm embedded/4.9 2014q4/bin/../lib/gcc/arm-none-eabi/4.9.3/../../../../arm-none-eabi/lib/armv7e-m\libnosys.a(close.o)
 .stab          0x00000024       0x18 c:/arm/gnu tools arm embedded/4.9 2014q4/bin/../lib/gcc/arm-none-eabi/4.9.3/../../../../arm-none-eabi/lib/armv7e-m\libnosys.a(fstat.o)
                                 0x24 (size before relaxing)
 .stab          0x0000003c       0x18 c:/arm/gnu tools arm embedded/4.9 2014q4/bin/../lib/gcc/arm-none-eabi/4.9.3/../../../../arm-none-eabi/lib/armv7e-m\libnosys.a(isatty.o)
                                 0x24 (size before relaxing)
 .stab          0x00000054       0x18 c:/arm/gnu tools arm embedded/4.9 2014q4/bin/../lib/gcc/arm-none-eabi/4.9.3/../../../../arm-none-eabi/lib/armv7e-m\libnosys.a(lseek.o)
                                 0x24 (size before relaxing)
 .stab          0x0000006c       0x18 c:/arm/gnu tools arm embedded/4.9 2014q4/bin/../lib/gcc/arm-none-eabi/4.9.3/../../../../arm-none-eabi/lib/armv7e-m\libnosys.a(read.o)
                                 0x24 (size before relaxing)

.stabstr        0x00000000      0x117
 *(.stabstr)
 .stabstr       0x00000000      0x117 c:/arm/gnu tools arm embedded/4.9 2014q4/bin/../lib/gcc/arm-none-eabi/4.9.3/../../../../arm-none-eabi/lib/armv7e-m\libnosys.a(close.o)

.stab.excl
 *(.stab.excl)

.stab.exclstr
 *(.stab.exclstr)

.stab.index
 *(.stab.index)

.stab.indexstr
 *(.stab.indexstr)

.comment        0x00000000       0x70
 *(.comment)
 .comment       0x00000000       0x70 ./src/nRF24L01P/nRF24L01P.o
                                 0x71 (size before relaxing)
 .comment       0x00000000       0x71 ./src/nRF24L01P/nRF24L01P_SPI.o
 .comment       0x00000000       0x71 ./src/nRF24L01P/stm32f4_discovery.o
 .comment       0x00000000       0x71 ./src/main.o
 .comment       0x00000000       0x71 ./libs/misc/src/_sbrk.o
 .comment       0x00000000       0x71 ./libs/misc/src/_write.o
 .comment       0x00000000       0x71 ./libs/misc/src/trace_impl.o
 .comment       0x00000000       0x71 ./libs/StdPeriph/src/misc.o
 .comment       0x00000000       0x71 ./libs/StdPeriph/src/stm32f4xx_exti.o
 .comment       0x00000000       0x71 ./libs/StdPeriph/src/stm32f4xx_gpio.o
 .comment       0x00000000       0x71 ./libs/StdPeriph/src/stm32f4xx_rcc.o
 .comment       0x00000000       0x71 ./libs/StdPeriph/src/stm32f4xx_spi.o
 .comment       0x00000000       0x71 ./libs/StdPeriph/src/stm32f4xx_syscfg.o
 .comment       0x00000000       0x71 ./libs/CMSIS/src/startup_cm.o
 .comment       0x00000000       0x71 ./libs/CMSIS/src/startup_stm32f4xx.o
 .comment       0x00000000       0x71 ./libs/CMSIS/src/system_stm32f4xx.o
 .comment       0x00000000       0x71 ./libs/CMSIS/src/vectors_stm32f4xx.o

.ARM.attributes
                0x00000000       0x31
 .ARM.attributes
                0x00000000       0x33 ./src/nRF24L01P/nRF24L01P.o
 .ARM.attributes
                0x00000033       0x33 ./src/nRF24L01P/nRF24L01P_SPI.o
 .ARM.attributes
                0x00000066       0x33 ./src/nRF24L01P/stm32f4_discovery.o
 .ARM.attributes
                0x00000099       0x33 ./src/main.o
 .ARM.attributes
                0x000000cc       0x33 ./libs/misc/src/_sbrk.o
 .ARM.attributes
                0x000000ff       0x33 ./libs/misc/src/_write.o
 .ARM.attributes
                0x00000132       0x33 ./libs/misc/src/trace_impl.o
 .ARM.attributes
                0x00000165       0x33 ./libs/StdPeriph/src/misc.o
 .ARM.attributes
                0x00000198       0x33 ./libs/StdPeriph/src/stm32f4xx_exti.o
 .ARM.attributes
                0x000001cb       0x33 ./libs/StdPeriph/src/stm32f4xx_gpio.o
 .ARM.attributes
                0x000001fe       0x33 ./libs/StdPeriph/src/stm32f4xx_rcc.o
 .ARM.attributes
                0x00000231       0x33 ./libs/StdPeriph/src/stm32f4xx_spi.o
 .ARM.attributes
                0x00000264       0x33 ./libs/StdPeriph/src/stm32f4xx_syscfg.o
 .ARM.attributes
                0x00000297       0x33 ./libs/CMSIS/src/startup_cm.o
 .ARM.attributes
                0x000002ca       0x33 ./libs/CMSIS/src/startup_stm32f4xx.o
 .ARM.attributes
                0x000002fd       0x33 ./libs/CMSIS/src/system_stm32f4xx.o
 .ARM.attributes
                0x00000330       0x33 ./libs/CMSIS/src/vectors_stm32f4xx.o
 .ARM.attributes
                0x00000363       0x2e c:/arm/gnu tools arm embedded/4.9 2014q4/bin/../lib/gcc/arm-none-eabi/4.9.3/../../../../arm-none-eabi/lib/armv7e-m\libg.a(lib_a-errno.o)
 .ARM.attributes
                0x00000391       0x2e c:/arm/gnu tools arm embedded/4.9 2014q4/bin/../lib/gcc/arm-none-eabi/4.9.3/../../../../arm-none-eabi/lib/armv7e-m\libg.a(lib_a-impure.o)
 .ARM.attributes
                0x000003bf       0x2e c:/arm/gnu tools arm embedded/4.9 2014q4/bin/../lib/gcc/arm-none-eabi/4.9.3/../../../../arm-none-eabi/lib/armv7e-m\libg.a(lib_a-printf.o)
 .ARM.attributes
                0x000003ed       0x2e c:/arm/gnu tools arm embedded/4.9 2014q4/bin/../lib/gcc/arm-none-eabi/4.9.3/../../../../arm-none-eabi/lib/armv7e-m\libg.a(lib_a-vfprintf.o)
 .ARM.attributes
                0x0000041b       0x2e c:/arm/gnu tools arm embedded/4.9 2014q4/bin/../lib/gcc/arm-none-eabi/4.9.3/../../../../arm-none-eabi/lib/armv7e-m\libg.a(lib_a-wsetup.o)
 .ARM.attributes
                0x00000449       0x2e c:/arm/gnu tools arm embedded/4.9 2014q4/bin/../lib/gcc/arm-none-eabi/4.9.3/../../../../arm-none-eabi/lib/armv7e-m\libg.a(lib_a-dtoa.o)
 .ARM.attributes
                0x00000477       0x2e c:/arm/gnu tools arm embedded/4.9 2014q4/bin/../lib/gcc/arm-none-eabi/4.9.3/../../../../arm-none-eabi/lib/armv7e-m\libg.a(lib_a-fflush.o)
 .ARM.attributes
                0x000004a5       0x2e c:/arm/gnu tools arm embedded/4.9 2014q4/bin/../lib/gcc/arm-none-eabi/4.9.3/../../../../arm-none-eabi/lib/armv7e-m\libg.a(lib_a-findfp.o)
 .ARM.attributes
                0x000004d3       0x2e c:/arm/gnu tools arm embedded/4.9 2014q4/bin/../lib/gcc/arm-none-eabi/4.9.3/../../../../arm-none-eabi/lib/armv7e-m\libg.a(lib_a-freer.o)
 .ARM.attributes
                0x00000501       0x2e c:/arm/gnu tools arm embedded/4.9 2014q4/bin/../lib/gcc/arm-none-eabi/4.9.3/../../../../arm-none-eabi/lib/armv7e-m\libg.a(lib_a-fwalk.o)
 .ARM.attributes
                0x0000052f       0x2e c:/arm/gnu tools arm embedded/4.9 2014q4/bin/../lib/gcc/arm-none-eabi/4.9.3/../../../../arm-none-eabi/lib/armv7e-m\libg.a(lib_a-locale.o)
 .ARM.attributes
                0x0000055d       0x2e c:/arm/gnu tools arm embedded/4.9 2014q4/bin/../lib/gcc/arm-none-eabi/4.9.3/../../../../arm-none-eabi/lib/armv7e-m\libg.a(lib_a-makebuf.o)
 .ARM.attributes
                0x0000058b       0x2e c:/arm/gnu tools arm embedded/4.9 2014q4/bin/../lib/gcc/arm-none-eabi/4.9.3/../../../../arm-none-eabi/lib/armv7e-m\libg.a(lib_a-mallocr.o)
 .ARM.attributes
                0x000005b9       0x2e c:/arm/gnu tools arm embedded/4.9 2014q4/bin/../lib/gcc/arm-none-eabi/4.9.3/../../../../arm-none-eabi/lib/armv7e-m\libg.a(lib_a-memchr.o)
 .ARM.attributes
                0x000005e7       0x1c c:/arm/gnu tools arm embedded/4.9 2014q4/bin/../lib/gcc/arm-none-eabi/4.9.3/../../../../arm-none-eabi/lib/armv7e-m\libg.a(lib_a-memcpy.o)
 .ARM.attributes
                0x00000603       0x2e c:/arm/gnu tools arm embedded/4.9 2014q4/bin/../lib/gcc/arm-none-eabi/4.9.3/../../../../arm-none-eabi/lib/armv7e-m\libg.a(lib_a-memset.o)
 .ARM.attributes
                0x00000631       0x2e c:/arm/gnu tools arm embedded/4.9 2014q4/bin/../lib/gcc/arm-none-eabi/4.9.3/../../../../arm-none-eabi/lib/armv7e-m\libg.a(lib_a-mlock.o)
 .ARM.attributes
                0x0000065f       0x2e c:/arm/gnu tools arm embedded/4.9 2014q4/bin/../lib/gcc/arm-none-eabi/4.9.3/../../../../arm-none-eabi/lib/armv7e-m\libg.a(lib_a-mprec.o)
 .ARM.attributes
                0x0000068d       0x2e c:/arm/gnu tools arm embedded/4.9 2014q4/bin/../lib/gcc/arm-none-eabi/4.9.3/../../../../arm-none-eabi/lib/armv7e-m\libg.a(lib_a-s_fpclassify.o)
 .ARM.attributes
                0x000006bb       0x2e c:/arm/gnu tools arm embedded/4.9 2014q4/bin/../lib/gcc/arm-none-eabi/4.9.3/../../../../arm-none-eabi/lib/armv7e-m\libg.a(lib_a-sbrkr.o)
 .ARM.attributes
                0x000006e9       0x2e c:/arm/gnu tools arm embedded/4.9 2014q4/bin/../lib/gcc/arm-none-eabi/4.9.3/../../../../arm-none-eabi/lib/armv7e-m\libg.a(lib_a-stdio.o)
 .ARM.attributes
                0x00000717       0x1c c:/arm/gnu tools arm embedded/4.9 2014q4/bin/../lib/gcc/arm-none-eabi/4.9.3/../../../../arm-none-eabi/lib/armv7e-m\libg.a(lib_a-strcmp.o)
 .ARM.attributes
                0x00000733       0x2e c:/arm/gnu tools arm embedded/4.9 2014q4/bin/../lib/gcc/arm-none-eabi/4.9.3/../../../../arm-none-eabi/lib/armv7e-m\libg.a(lib_a-strlen.o)
 .ARM.attributes
                0x00000761       0x2e c:/arm/gnu tools arm embedded/4.9 2014q4/bin/../lib/gcc/arm-none-eabi/4.9.3/../../../../arm-none-eabi/lib/armv7e-m\libg.a(lib_a-vfiprintf.o)
 .ARM.attributes
                0x0000078f       0x2e c:/arm/gnu tools arm embedded/4.9 2014q4/bin/../lib/gcc/arm-none-eabi/4.9.3/../../../../arm-none-eabi/lib/armv7e-m\libg.a(lib_a-writer.o)
 .ARM.attributes
                0x000007bd       0x2e c:/arm/gnu tools arm embedded/4.9 2014q4/bin/../lib/gcc/arm-none-eabi/4.9.3/../../../../arm-none-eabi/lib/armv7e-m\libg.a(lib_a-callocr.o)
 .ARM.attributes
                0x000007eb       0x2e c:/arm/gnu tools arm embedded/4.9 2014q4/bin/../lib/gcc/arm-none-eabi/4.9.3/../../../../arm-none-eabi/lib/armv7e-m\libg.a(lib_a-closer.o)
 .ARM.attributes
                0x00000819       0x2e c:/arm/gnu tools arm embedded/4.9 2014q4/bin/../lib/gcc/arm-none-eabi/4.9.3/../../../../arm-none-eabi/lib/armv7e-m\libg.a(lib_a-fclose.o)
 .ARM.attributes
                0x00000847       0x2e c:/arm/gnu tools arm embedded/4.9 2014q4/bin/../lib/gcc/arm-none-eabi/4.9.3/../../../../arm-none-eabi/lib/armv7e-m\libg.a(lib_a-fputwc.o)
 .ARM.attributes
                0x00000875       0x2e c:/arm/gnu tools arm embedded/4.9 2014q4/bin/../lib/gcc/arm-none-eabi/4.9.3/../../../../arm-none-eabi/lib/armv7e-m\libg.a(lib_a-fstatr.o)
 .ARM.attributes
                0x000008a3       0x2e c:/arm/gnu tools arm embedded/4.9 2014q4/bin/../lib/gcc/arm-none-eabi/4.9.3/../../../../arm-none-eabi/lib/armv7e-m\libg.a(lib_a-fvwrite.o)
 .ARM.attributes
                0x000008d1       0x2e c:/arm/gnu tools arm embedded/4.9 2014q4/bin/../lib/gcc/arm-none-eabi/4.9.3/../../../../arm-none-eabi/lib/armv7e-m\libg.a(lib_a-isattyr.o)
 .ARM.attributes
                0x000008ff       0x2e c:/arm/gnu tools arm embedded/4.9 2014q4/bin/../lib/gcc/arm-none-eabi/4.9.3/../../../../arm-none-eabi/lib/armv7e-m\libg.a(lib_a-lseekr.o)
 .ARM.attributes
                0x0000092d       0x2e c:/arm/gnu tools arm embedded/4.9 2014q4/bin/../lib/gcc/arm-none-eabi/4.9.3/../../../../arm-none-eabi/lib/armv7e-m\libg.a(lib_a-memmove.o)
 .ARM.attributes
                0x0000095b       0x2e c:/arm/gnu tools arm embedded/4.9 2014q4/bin/../lib/gcc/arm-none-eabi/4.9.3/../../../../arm-none-eabi/lib/armv7e-m\libg.a(lib_a-readr.o)
 .ARM.attributes
                0x00000989       0x2e c:/arm/gnu tools arm embedded/4.9 2014q4/bin/../lib/gcc/arm-none-eabi/4.9.3/../../../../arm-none-eabi/lib/armv7e-m\libg.a(lib_a-reallocr.o)
 .ARM.attributes
                0x000009b7       0x2e c:/arm/gnu tools arm embedded/4.9 2014q4/bin/../lib/gcc/arm-none-eabi/4.9.3/../../../../arm-none-eabi/lib/armv7e-m\libg.a(lib_a-reent.o)
 .ARM.attributes
                0x000009e5       0x2e c:/arm/gnu tools arm embedded/4.9 2014q4/bin/../lib/gcc/arm-none-eabi/4.9.3/../../../../arm-none-eabi/lib/armv7e-m\libg.a(lib_a-wbuf.o)
 .ARM.attributes
                0x00000a13       0x2e c:/arm/gnu tools arm embedded/4.9 2014q4/bin/../lib/gcc/arm-none-eabi/4.9.3/../../../../arm-none-eabi/lib/armv7e-m\libg.a(lib_a-wcrtomb.o)
 .ARM.attributes
                0x00000a41       0x2e c:/arm/gnu tools arm embedded/4.9 2014q4/bin/../lib/gcc/arm-none-eabi/4.9.3/../../../../arm-none-eabi/lib/armv7e-m\libg.a(lib_a-wctomb_r.o)
 .ARM.attributes
                0x00000a6f       0x1e c:/arm/gnu tools arm embedded/4.9 2014q4/bin/../lib/gcc/arm-none-eabi/4.9.3/armv7e-m\libgcc.a(_arm_addsubdf3.o)
 .ARM.attributes
                0x00000a8d       0x1e c:/arm/gnu tools arm embedded/4.9 2014q4/bin/../lib/gcc/arm-none-eabi/4.9.3/armv7e-m\libgcc.a(_arm_muldivdf3.o)
 .ARM.attributes
                0x00000aab       0x1e c:/arm/gnu tools arm embedded/4.9 2014q4/bin/../lib/gcc/arm-none-eabi/4.9.3/armv7e-m\libgcc.a(_arm_cmpdf2.o)
 .ARM.attributes
                0x00000ac9       0x1e c:/arm/gnu tools arm embedded/4.9 2014q4/bin/../lib/gcc/arm-none-eabi/4.9.3/armv7e-m\libgcc.a(_arm_fixdfsi.o)
 .ARM.attributes
                0x00000ae7       0x1e c:/arm/gnu tools arm embedded/4.9 2014q4/bin/../lib/gcc/arm-none-eabi/4.9.3/armv7e-m\libgcc.a(_aeabi_uldivmod.o)
 .ARM.attributes
                0x00000b05       0x2e c:/arm/gnu tools arm embedded/4.9 2014q4/bin/../lib/gcc/arm-none-eabi/4.9.3/armv7e-m\libgcc.a(bpabi.o)
 .ARM.attributes
                0x00000b33       0x1e c:/arm/gnu tools arm embedded/4.9 2014q4/bin/../lib/gcc/arm-none-eabi/4.9.3/armv7e-m\libgcc.a(_dvmd_tls.o)
 .ARM.attributes
                0x00000b51       0x2e c:/arm/gnu tools arm embedded/4.9 2014q4/bin/../lib/gcc/arm-none-eabi/4.9.3/armv7e-m\libgcc.a(_divdi3.o)
 .ARM.attributes
                0x00000b7f       0x2e c:/arm/gnu tools arm embedded/4.9 2014q4/bin/../lib/gcc/arm-none-eabi/4.9.3/armv7e-m\libgcc.a(_udivdi3.o)
 .ARM.attributes
                0x00000bad       0x2e c:/arm/gnu tools arm embedded/4.9 2014q4/bin/../lib/gcc/arm-none-eabi/4.9.3/../../../../arm-none-eabi/lib/armv7e-m\libnosys.a(close.o)
 .ARM.attributes
                0x00000bdb       0x2e c:/arm/gnu tools arm embedded/4.9 2014q4/bin/../lib/gcc/arm-none-eabi/4.9.3/../../../../arm-none-eabi/lib/armv7e-m\libnosys.a(fstat.o)
 .ARM.attributes
                0x00000c09       0x2e c:/arm/gnu tools arm embedded/4.9 2014q4/bin/../lib/gcc/arm-none-eabi/4.9.3/../../../../arm-none-eabi/lib/armv7e-m\libnosys.a(isatty.o)
 .ARM.attributes
                0x00000c37       0x2e c:/arm/gnu tools arm embedded/4.9 2014q4/bin/../lib/gcc/arm-none-eabi/4.9.3/../../../../arm-none-eabi/lib/armv7e-m\libnosys.a(lseek.o)
 .ARM.attributes
                0x00000c65       0x2e c:/arm/gnu tools arm embedded/4.9 2014q4/bin/../lib/gcc/arm-none-eabi/4.9.3/../../../../arm-none-eabi/lib/armv7e-m\libnosys.a(read.o)

.debug
 *(.debug)

.line
 *(.line)

.debug_srcinfo
 *(.debug_srcinfo)

.debug_sfnames
 *(.debug_sfnames)

.debug_aranges  0x00000000      0x6d0
 *(.debug_aranges)
 .debug_aranges
                0x00000000       0xb0 ./src/nRF24L01P/nRF24L01P.o
 .debug_aranges
                0x000000b0       0x48 ./src/nRF24L01P/nRF24L01P_SPI.o
 .debug_aranges
                0x000000f8       0x48 ./src/nRF24L01P/stm32f4_discovery.o
 .debug_aranges
                0x00000140       0x38 ./src/main.o
 .debug_aranges
                0x00000178       0x20 ./libs/misc/src/_sbrk.o
 .debug_aranges
                0x00000198       0x20 ./libs/misc/src/_write.o
 .debug_aranges
                0x000001b8       0x20 ./libs/misc/src/trace_impl.o
 .debug_aranges
                0x000001d8       0x40 ./libs/StdPeriph/src/misc.o
 .debug_aranges
                0x00000218       0x58 ./libs/StdPeriph/src/stm32f4xx_exti.o
 .debug_aranges
                0x00000270       0x88 ./libs/StdPeriph/src/stm32f4xx_gpio.o
 .debug_aranges
                0x000002f8      0x1b8 ./libs/StdPeriph/src/stm32f4xx_rcc.o
 .debug_aranges
                0x000004b0       0xe0 ./libs/StdPeriph/src/stm32f4xx_spi.o
 .debug_aranges
                0x00000590       0x50 ./libs/StdPeriph/src/stm32f4xx_syscfg.o
 .debug_aranges
                0x000005e0       0x38 ./libs/CMSIS/src/startup_cm.o
 .debug_aranges
                0x00000618       0x20 ./libs/CMSIS/src/startup_stm32f4xx.o
 .debug_aranges
                0x00000638       0x30 ./libs/CMSIS/src/system_stm32f4xx.o
 .debug_aranges
                0x00000668       0x68 ./libs/CMSIS/src/vectors_stm32f4xx.o

.debug_pubnames
 *(.debug_pubnames)

.debug_info     0x00000000     0x5558
 *(.debug_info .gnu.linkonce.wi.*)
 .debug_info    0x00000000      0x9d2 ./src/nRF24L01P/nRF24L01P.o
 .debug_info    0x000009d2      0x8e2 ./src/nRF24L01P/nRF24L01P_SPI.o
 .debug_info    0x000012b4      0x891 ./src/nRF24L01P/stm32f4_discovery.o
 .debug_info    0x00001b45      0x346 ./src/main.o
 .debug_info    0x00001e8b      0x109 ./libs/misc/src/_sbrk.o
 .debug_info    0x00001f94       0x81 ./libs/misc/src/_write.o
 .debug_info    0x00002015       0x91 ./libs/misc/src/trace_impl.o
 .debug_info    0x000020a6      0x545 ./libs/StdPeriph/src/misc.o
 .debug_info    0x000025eb      0x340 ./libs/StdPeriph/src/stm32f4xx_exti.o
 .debug_info    0x0000292b      0x60d ./libs/StdPeriph/src/stm32f4xx_gpio.o
 .debug_info    0x00002f38      0xe0a ./libs/StdPeriph/src/stm32f4xx_rcc.o
 .debug_info    0x00003d42      0xb29 ./libs/StdPeriph/src/stm32f4xx_spi.o
 .debug_info    0x0000486b      0x298 ./libs/StdPeriph/src/stm32f4xx_syscfg.o
 .debug_info    0x00004b03      0x29c ./libs/CMSIS/src/startup_cm.o
 .debug_info    0x00004d9f       0xc0 ./libs/CMSIS/src/startup_stm32f4xx.o
 .debug_info    0x00004e5f      0x5c4 ./libs/CMSIS/src/system_stm32f4xx.o
 .debug_info    0x00005423      0x135 ./libs/CMSIS/src/vectors_stm32f4xx.o

.debug_abbrev   0x00000000     0x1466
 *(.debug_abbrev)
 .debug_abbrev  0x00000000      0x261 ./src/nRF24L01P/nRF24L01P.o
 .debug_abbrev  0x00000261      0x16e ./src/nRF24L01P/nRF24L01P_SPI.o
 .debug_abbrev  0x000003cf      0x188 ./src/nRF24L01P/stm32f4_discovery.o
 .debug_abbrev  0x00000557      0x134 ./src/main.o
 .debug_abbrev  0x0000068b       0x8e ./libs/misc/src/_sbrk.o
 .debug_abbrev  0x00000719       0x61 ./libs/misc/src/_write.o
 .debug_abbrev  0x0000077a       0x7f ./libs/misc/src/trace_impl.o
 .debug_abbrev  0x000007f9      0x14a ./libs/StdPeriph/src/misc.o
 .debug_abbrev  0x00000943      0x1aa ./libs/StdPeriph/src/stm32f4xx_exti.o
 .debug_abbrev  0x00000aed      0x1a8 ./libs/StdPeriph/src/stm32f4xx_gpio.o
 .debug_abbrev  0x00000c95      0x1bf ./libs/StdPeriph/src/stm32f4xx_rcc.o
 .debug_abbrev  0x00000e54      0x16c ./libs/StdPeriph/src/stm32f4xx_spi.o
 .debug_abbrev  0x00000fc0      0x136 ./libs/StdPeriph/src/stm32f4xx_syscfg.o
 .debug_abbrev  0x000010f6      0x128 ./libs/CMSIS/src/startup_cm.o
 .debug_abbrev  0x0000121e       0x7b ./libs/CMSIS/src/startup_stm32f4xx.o
 .debug_abbrev  0x00001299      0x13b ./libs/CMSIS/src/system_stm32f4xx.o
 .debug_abbrev  0x000013d4       0x92 ./libs/CMSIS/src/vectors_stm32f4xx.o

.debug_line     0x00000000     0x4a71
 *(.debug_line)
 .debug_line    0x00000000      0x775 ./src/nRF24L01P/nRF24L01P.o
 .debug_line    0x00000775      0x548 ./src/nRF24L01P/nRF24L01P_SPI.o
 .debug_line    0x00000cbd      0x4ec ./src/nRF24L01P/stm32f4_discovery.o
 .debug_line    0x000011a9      0x5a1 ./src/main.o
 .debug_line    0x0000174a      0x220 ./libs/misc/src/_sbrk.o
 .debug_line    0x0000196a       0x74 ./libs/misc/src/_write.o
 .debug_line    0x000019de       0x91 ./libs/misc/src/trace_impl.o
 .debug_line    0x00001a6f      0x4b6 ./libs/StdPeriph/src/misc.o
 .debug_line    0x00001f25      0x503 ./libs/StdPeriph/src/stm32f4xx_exti.o
 .debug_line    0x00002428      0x5b0 ./libs/StdPeriph/src/stm32f4xx_gpio.o
 .debug_line    0x000029d8      0x8b0 ./libs/StdPeriph/src/stm32f4xx_rcc.o
 .debug_line    0x00003288      0x6c3 ./libs/StdPeriph/src/stm32f4xx_spi.o
 .debug_line    0x0000394b      0x4de ./libs/StdPeriph/src/stm32f4xx_syscfg.o
 .debug_line    0x00003e29      0x270 ./libs/CMSIS/src/startup_cm.o
 .debug_line    0x00004099      0x467 ./libs/CMSIS/src/startup_stm32f4xx.o
 .debug_line    0x00004500      0x4de ./libs/CMSIS/src/system_stm32f4xx.o
 .debug_line    0x000049de       0x93 ./libs/CMSIS/src/vectors_stm32f4xx.o

.debug_frame    0x00000000     0x2964
 *(.debug_frame)
 .debug_frame   0x00000000      0x2b4 ./src/nRF24L01P/nRF24L01P.o
 .debug_frame   0x000002b4       0xf0 ./src/nRF24L01P/nRF24L01P_SPI.o
 .debug_frame   0x000003a4       0xf4 ./src/nRF24L01P/stm32f4_discovery.o
 .debug_frame   0x00000498       0x88 ./src/main.o
 .debug_frame   0x00000520       0x34 ./libs/misc/src/_sbrk.o
 .debug_frame   0x00000554       0x34 ./libs/misc/src/_write.o
 .debug_frame   0x00000588       0x38 ./libs/misc/src/trace_impl.o
 .debug_frame   0x000005c0       0xd8 ./libs/StdPeriph/src/misc.o
 .debug_frame   0x00000698      0x148 ./libs/StdPeriph/src/stm32f4xx_exti.o
 .debug_frame   0x000007e0      0x23c ./libs/StdPeriph/src/stm32f4xx_gpio.o
 .debug_frame   0x00000a1c      0x814 ./libs/StdPeriph/src/stm32f4xx_rcc.o
 .debug_frame   0x00001230      0x3f4 ./libs/StdPeriph/src/stm32f4xx_spi.o
 .debug_frame   0x00001624      0x11c ./libs/StdPeriph/src/stm32f4xx_syscfg.o
 .debug_frame   0x00001740       0x9c ./libs/CMSIS/src/startup_cm.o
 .debug_frame   0x000017dc       0x2c ./libs/CMSIS/src/startup_stm32f4xx.o
 .debug_frame   0x00001808       0x7c ./libs/CMSIS/src/system_stm32f4xx.o
 .debug_frame   0x00001884      0x100 ./libs/CMSIS/src/vectors_stm32f4xx.o
 .debug_frame   0x00001984       0x20 c:/arm/gnu tools arm embedded/4.9 2014q4/bin/../lib/gcc/arm-none-eabi/4.9.3/../../../../arm-none-eabi/lib/armv7e-m\libg.a(lib_a-errno.o)
 .debug_frame   0x000019a4       0x74 c:/arm/gnu tools arm embedded/4.9 2014q4/bin/../lib/gcc/arm-none-eabi/4.9.3/../../../../arm-none-eabi/lib/armv7e-m\libg.a(lib_a-printf.o)
 .debug_frame   0x00001a18       0x90 c:/arm/gnu tools arm embedded/4.9 2014q4/bin/../lib/gcc/arm-none-eabi/4.9.3/../../../../arm-none-eabi/lib/armv7e-m\libg.a(lib_a-vfprintf.o)
 .debug_frame   0x00001aa8       0x2c c:/arm/gnu tools arm embedded/4.9 2014q4/bin/../lib/gcc/arm-none-eabi/4.9.3/../../../../arm-none-eabi/lib/armv7e-m\libg.a(lib_a-wsetup.o)
 .debug_frame   0x00001ad4       0x88 c:/arm/gnu tools arm embedded/4.9 2014q4/bin/../lib/gcc/arm-none-eabi/4.9.3/../../../../arm-none-eabi/lib/armv7e-m\libg.a(lib_a-dtoa.o)
 .debug_frame   0x00001b5c       0x6c c:/arm/gnu tools arm embedded/4.9 2014q4/bin/../lib/gcc/arm-none-eabi/4.9.3/../../../../arm-none-eabi/lib/armv7e-m\libg.a(lib_a-fflush.o)
 .debug_frame   0x00001bc8      0x124 c:/arm/gnu tools arm embedded/4.9 2014q4/bin/../lib/gcc/arm-none-eabi/4.9.3/../../../../arm-none-eabi/lib/armv7e-m\libg.a(lib_a-findfp.o)
 .debug_frame   0x00001cec       0x74 c:/arm/gnu tools arm embedded/4.9 2014q4/bin/../lib/gcc/arm-none-eabi/4.9.3/../../../../arm-none-eabi/lib/armv7e-m\libg.a(lib_a-freer.o)
 .debug_frame   0x00001d60       0x54 c:/arm/gnu tools arm embedded/4.9 2014q4/bin/../lib/gcc/arm-none-eabi/4.9.3/../../../../arm-none-eabi/lib/armv7e-m\libg.a(lib_a-fwalk.o)
 .debug_frame   0x00001db4       0x9c c:/arm/gnu tools arm embedded/4.9 2014q4/bin/../lib/gcc/arm-none-eabi/4.9.3/../../../../arm-none-eabi/lib/armv7e-m\libg.a(lib_a-locale.o)
 .debug_frame   0x00001e50       0x48 c:/arm/gnu tools arm embedded/4.9 2014q4/bin/../lib/gcc/arm-none-eabi/4.9.3/../../../../arm-none-eabi/lib/armv7e-m\libg.a(lib_a-makebuf.o)
 .debug_frame   0x00001e98       0x58 c:/arm/gnu tools arm embedded/4.9 2014q4/bin/../lib/gcc/arm-none-eabi/4.9.3/../../../../arm-none-eabi/lib/armv7e-m\libg.a(lib_a-mallocr.o)
 .debug_frame   0x00001ef0       0x3c c:/arm/gnu tools arm embedded/4.9 2014q4/bin/../lib/gcc/arm-none-eabi/4.9.3/../../../../arm-none-eabi/lib/armv7e-m\libg.a(lib_a-memchr.o)
 .debug_frame   0x00001f2c       0x34 c:/arm/gnu tools arm embedded/4.9 2014q4/bin/../lib/gcc/arm-none-eabi/4.9.3/../../../../arm-none-eabi/lib/armv7e-m\libg.a(lib_a-memset.o)
 .debug_frame   0x00001f60       0x30 c:/arm/gnu tools arm embedded/4.9 2014q4/bin/../lib/gcc/arm-none-eabi/4.9.3/../../../../arm-none-eabi/lib/armv7e-m\libg.a(lib_a-mlock.o)
 .debug_frame   0x00001f90      0x268 c:/arm/gnu tools arm embedded/4.9 2014q4/bin/../lib/gcc/arm-none-eabi/4.9.3/../../../../arm-none-eabi/lib/armv7e-m\libg.a(lib_a-mprec.o)
 .debug_frame   0x000021f8       0x34 c:/arm/gnu tools arm embedded/4.9 2014q4/bin/../lib/gcc/arm-none-eabi/4.9.3/../../../../arm-none-eabi/lib/armv7e-m\libg.a(lib_a-s_fpclassify.o)
 .debug_frame   0x0000222c       0x2c c:/arm/gnu tools arm embedded/4.9 2014q4/bin/../lib/gcc/arm-none-eabi/4.9.3/../../../../arm-none-eabi/lib/armv7e-m\libg.a(lib_a-sbrkr.o)
 .debug_frame   0x00002258       0x88 c:/arm/gnu tools arm embedded/4.9 2014q4/bin/../lib/gcc/arm-none-eabi/4.9.3/../../../../arm-none-eabi/lib/armv7e-m\libg.a(lib_a-stdio.o)
 .debug_frame   0x000022e0       0x20 c:/arm/gnu tools arm embedded/4.9 2014q4/bin/../lib/gcc/arm-none-eabi/4.9.3/../../../../arm-none-eabi/lib/armv7e-m\libg.a(lib_a-strlen.o)
 .debug_frame   0x00002300       0xd8 c:/arm/gnu tools arm embedded/4.9 2014q4/bin/../lib/gcc/arm-none-eabi/4.9.3/../../../../arm-none-eabi/lib/armv7e-m\libg.a(lib_a-vfiprintf.o)
 .debug_frame   0x000023d8       0x2c c:/arm/gnu tools arm embedded/4.9 2014q4/bin/../lib/gcc/arm-none-eabi/4.9.3/../../../../arm-none-eabi/lib/armv7e-m\libg.a(lib_a-writer.o)
 .debug_frame   0x00002404       0x28 c:/arm/gnu tools arm embedded/4.9 2014q4/bin/../lib/gcc/arm-none-eabi/4.9.3/../../../../arm-none-eabi/lib/armv7e-m\libg.a(lib_a-callocr.o)
 .debug_frame   0x0000242c       0x2c c:/arm/gnu tools arm embedded/4.9 2014q4/bin/../lib/gcc/arm-none-eabi/4.9.3/../../../../arm-none-eabi/lib/armv7e-m\libg.a(lib_a-closer.o)
 .debug_frame   0x00002458       0x44 c:/arm/gnu tools arm embedded/4.9 2014q4/bin/../lib/gcc/arm-none-eabi/4.9.3/../../../../arm-none-eabi/lib/armv7e-m\libg.a(lib_a-fclose.o)
 .debug_frame   0x0000249c       0x68 c:/arm/gnu tools arm embedded/4.9 2014q4/bin/../lib/gcc/arm-none-eabi/4.9.3/../../../../arm-none-eabi/lib/armv7e-m\libg.a(lib_a-fputwc.o)
 .debug_frame   0x00002504       0x2c c:/arm/gnu tools arm embedded/4.9 2014q4/bin/../lib/gcc/arm-none-eabi/4.9.3/../../../../arm-none-eabi/lib/armv7e-m\libg.a(lib_a-fstatr.o)
 .debug_frame   0x00002530       0x68 c:/arm/gnu tools arm embedded/4.9 2014q4/bin/../lib/gcc/arm-none-eabi/4.9.3/../../../../arm-none-eabi/lib/armv7e-m\libg.a(lib_a-fvwrite.o)
 .debug_frame   0x00002598       0x2c c:/arm/gnu tools arm embedded/4.9 2014q4/bin/../lib/gcc/arm-none-eabi/4.9.3/../../../../arm-none-eabi/lib/armv7e-m\libg.a(lib_a-isattyr.o)
 .debug_frame   0x000025c4       0x2c c:/arm/gnu tools arm embedded/4.9 2014q4/bin/../lib/gcc/arm-none-eabi/4.9.3/../../../../arm-none-eabi/lib/armv7e-m\libg.a(lib_a-lseekr.o)
 .debug_frame   0x000025f0       0x30 c:/arm/gnu tools arm embedded/4.9 2014q4/bin/../lib/gcc/arm-none-eabi/4.9.3/../../../../arm-none-eabi/lib/armv7e-m\libg.a(lib_a-memmove.o)
 .debug_frame   0x00002620       0x2c c:/arm/gnu tools arm embedded/4.9 2014q4/bin/../lib/gcc/arm-none-eabi/4.9.3/../../../../arm-none-eabi/lib/armv7e-m\libg.a(lib_a-readr.o)
 .debug_frame   0x0000264c       0x60 c:/arm/gnu tools arm embedded/4.9 2014q4/bin/../lib/gcc/arm-none-eabi/4.9.3/../../../../arm-none-eabi/lib/armv7e-m\libg.a(lib_a-reallocr.o)
 .debug_frame   0x000026ac       0x58 c:/arm/gnu tools arm embedded/4.9 2014q4/bin/../lib/gcc/arm-none-eabi/4.9.3/../../../../arm-none-eabi/lib/armv7e-m\libg.a(lib_a-reent.o)
 .debug_frame   0x00002704       0x3c c:/arm/gnu tools arm embedded/4.9 2014q4/bin/../lib/gcc/arm-none-eabi/4.9.3/../../../../arm-none-eabi/lib/armv7e-m\libg.a(lib_a-wbuf.o)
 .debug_frame   0x00002740       0x60 c:/arm/gnu tools arm embedded/4.9 2014q4/bin/../lib/gcc/arm-none-eabi/4.9.3/../../../../arm-none-eabi/lib/armv7e-m\libg.a(lib_a-wcrtomb.o)
 .debug_frame   0x000027a0       0x48 c:/arm/gnu tools arm embedded/4.9 2014q4/bin/../lib/gcc/arm-none-eabi/4.9.3/../../../../arm-none-eabi/lib/armv7e-m\libg.a(lib_a-wctomb_r.o)
 .debug_frame   0x000027e8       0x28 c:/arm/gnu tools arm embedded/4.9 2014q4/bin/../lib/gcc/arm-none-eabi/4.9.3/armv7e-m\libgcc.a(_aeabi_uldivmod.o)
 .debug_frame   0x00002810       0x50 c:/arm/gnu tools arm embedded/4.9 2014q4/bin/../lib/gcc/arm-none-eabi/4.9.3/armv7e-m\libgcc.a(bpabi.o)
 .debug_frame   0x00002860       0x34 c:/arm/gnu tools arm embedded/4.9 2014q4/bin/../lib/gcc/arm-none-eabi/4.9.3/armv7e-m\libgcc.a(_divdi3.o)
 .debug_frame   0x00002894       0x30 c:/arm/gnu tools arm embedded/4.9 2014q4/bin/../lib/gcc/arm-none-eabi/4.9.3/armv7e-m\libgcc.a(_udivdi3.o)
 .debug_frame   0x000028c4       0x20 c:/arm/gnu tools arm embedded/4.9 2014q4/bin/../lib/gcc/arm-none-eabi/4.9.3/../../../../arm-none-eabi/lib/armv7e-m\libnosys.a(close.o)
 .debug_frame   0x000028e4       0x20 c:/arm/gnu tools arm embedded/4.9 2014q4/bin/../lib/gcc/arm-none-eabi/4.9.3/../../../../arm-none-eabi/lib/armv7e-m\libnosys.a(fstat.o)
 .debug_frame   0x00002904       0x20 c:/arm/gnu tools arm embedded/4.9 2014q4/bin/../lib/gcc/arm-none-eabi/4.9.3/../../../../arm-none-eabi/lib/armv7e-m\libnosys.a(isatty.o)
 .debug_frame   0x00002924       0x20 c:/arm/gnu tools arm embedded/4.9 2014q4/bin/../lib/gcc/arm-none-eabi/4.9.3/../../../../arm-none-eabi/lib/armv7e-m\libnosys.a(lseek.o)
 .debug_frame   0x00002944       0x20 c:/arm/gnu tools arm embedded/4.9 2014q4/bin/../lib/gcc/arm-none-eabi/4.9.3/../../../../arm-none-eabi/lib/armv7e-m\libnosys.a(read.o)

.debug_str      0x00000000    0x63f72
 *(.debug_str)
 .debug_str     0x00000000    0x6144f ./src/nRF24L01P/nRF24L01P.o
                              0x616e4 (size before relaxing)
 .debug_str     0x0006144f      0x899 ./src/nRF24L01P/nRF24L01P_SPI.o
                              0x5e391 (size before relaxing)
 .debug_str     0x00061ce8      0x18e ./src/nRF24L01P/stm32f4_discovery.o
                              0x5e071 (size before relaxing)
 .debug_str     0x00061e76       0x26 ./src/main.o
                              0x612fc (size before relaxing)
 .debug_str     0x00061e9c      0x4d2 ./libs/misc/src/_sbrk.o
                               0x451c (size before relaxing)
 .debug_str     0x0006236e       0x43 ./libs/misc/src/_write.o
                               0x2507 (size before relaxing)
 .debug_str     0x000623b1       0xf6 ./libs/misc/src/trace_impl.o
                               0x25dc (size before relaxing)
 .debug_str     0x000624a7      0x1c5 ./libs/StdPeriph/src/misc.o
                              0x5d6de (size before relaxing)
 .debug_str     0x0006266c      0x109 ./libs/StdPeriph/src/stm32f4xx_exti.o
                              0x5d654 (size before relaxing)
 .debug_str     0x00062775      0x16a ./libs/StdPeriph/src/stm32f4xx_gpio.o
                              0x5d786 (size before relaxing)
 .debug_str     0x000628df      0xd25 ./libs/StdPeriph/src/stm32f4xx_rcc.o
                              0x5e242 (size before relaxing)
 .debug_str     0x00063604      0x2fa ./libs/StdPeriph/src/stm32f4xx_spi.o
                              0x5da5d (size before relaxing)
 .debug_str     0x000638fe      0x347 ./libs/StdPeriph/src/stm32f4xx_syscfg.o
                              0x5d7e1 (size before relaxing)
 .debug_str     0x00063c45      0x133 ./libs/CMSIS/src/startup_cm.o
                               0x358c (size before relaxing)
 .debug_str     0x00063d78       0x2c ./libs/CMSIS/src/startup_stm32f4xx.o
                              0x5d45d (size before relaxing)
 .debug_str     0x00063da4       0xf3 ./libs/CMSIS/src/system_stm32f4xx.o
                              0x5d6f5 (size before relaxing)
 .debug_str     0x00063e97       0xdb ./libs/CMSIS/src/vectors_stm32f4xx.o
                               0x25b0 (size before relaxing)

.debug_loc
 *(.debug_loc)

.debug_macinfo
 *(.debug_macinfo)

.debug_weaknames
 *(.debug_weaknames)

.debug_funcnames
 *(.debug_funcnames)

.debug_typenames
 *(.debug_typenames)

.debug_varnames
 *(.debug_varnames)
OUTPUT(nRF24L01P_v2.2.elf elf32-littlearm)

.debug_ranges   0x00000000      0x5c0
 .debug_ranges  0x00000000       0xa0 ./src/nRF24L01P/nRF24L01P.o
 .debug_ranges  0x000000a0       0x38 ./src/nRF24L01P/nRF24L01P_SPI.o
 .debug_ranges  0x000000d8       0x38 ./src/nRF24L01P/stm32f4_discovery.o
 .debug_ranges  0x00000110       0x28 ./src/main.o
 .debug_ranges  0x00000138       0x10 ./libs/misc/src/_sbrk.o
 .debug_ranges  0x00000148       0x10 ./libs/misc/src/_write.o
 .debug_ranges  0x00000158       0x10 ./libs/misc/src/trace_impl.o
 .debug_ranges  0x00000168       0x30 ./libs/StdPeriph/src/misc.o
 .debug_ranges  0x00000198       0x48 ./libs/StdPeriph/src/stm32f4xx_exti.o
 .debug_ranges  0x000001e0       0x78 ./libs/StdPeriph/src/stm32f4xx_gpio.o
 .debug_ranges  0x00000258      0x1a8 ./libs/StdPeriph/src/stm32f4xx_rcc.o
 .debug_ranges  0x00000400       0xd0 ./libs/StdPeriph/src/stm32f4xx_spi.o
 .debug_ranges  0x000004d0       0x40 ./libs/StdPeriph/src/stm32f4xx_syscfg.o
 .debug_ranges  0x00000510       0x28 ./libs/CMSIS/src/startup_cm.o
 .debug_ranges  0x00000538       0x10 ./libs/CMSIS/src/startup_stm32f4xx.o
 .debug_ranges  0x00000548       0x20 ./libs/CMSIS/src/system_stm32f4xx.o
 .debug_ranges  0x00000568       0x58 ./libs/CMSIS/src/vectors_stm32f4xx.o

.debug_macro    0x00000000    0x11d11
 .debug_macro   0x00000000      0x29a ./src/nRF24L01P/nRF24L01P.o
 .debug_macro   0x0000029a      0x886 ./src/nRF24L01P/nRF24L01P.o
 .debug_macro   0x00000b20       0x5e ./src/nRF24L01P/nRF24L01P.o
 .debug_macro   0x00000b7e       0x3b ./src/nRF24L01P/nRF24L01P.o
 .debug_macro   0x00000bb9       0x22 ./src/nRF24L01P/nRF24L01P.o
 .debug_macro   0x00000bdb       0x44 ./src/nRF24L01P/nRF24L01P.o
 .debug_macro   0x00000c1f       0x1c ./src/nRF24L01P/nRF24L01P.o
 .debug_macro   0x00000c3b      0x1f7 ./src/nRF24L01P/nRF24L01P.o
 .debug_macro   0x00000e32       0x2d ./src/nRF24L01P/nRF24L01P.o
 .debug_macro   0x00000e5f       0x42 ./src/nRF24L01P/nRF24L01P.o
 .debug_macro   0x00000ea1      0xd39 ./src/nRF24L01P/nRF24L01P.o
 .debug_macro   0x00001bda     0x8bb0 ./src/nRF24L01P/nRF24L01P.o
 .debug_macro   0x0000a78a      0x44f ./src/nRF24L01P/nRF24L01P.o
 .debug_macro   0x0000abd9       0xb2 ./src/nRF24L01P/nRF24L01P.o
 .debug_macro   0x0000ac8b      0x477 ./src/nRF24L01P/nRF24L01P.o
 .debug_macro   0x0000b102       0xae ./src/nRF24L01P/nRF24L01P.o
 .debug_macro   0x0000b1b0      0x41c ./src/nRF24L01P/nRF24L01P.o
 .debug_macro   0x0000b5cc      0x2bc ./src/nRF24L01P/nRF24L01P.o
 .debug_macro   0x0000b888      0x2bb ./src/nRF24L01P/nRF24L01P.o
 .debug_macro   0x0000bb43       0x64 ./src/nRF24L01P/nRF24L01P.o
 .debug_macro   0x0000bba7       0xe7 ./src/nRF24L01P/nRF24L01P.o
 .debug_macro   0x0000bc8e      0x62f ./src/nRF24L01P/nRF24L01P.o
 .debug_macro   0x0000c2bd      0x57b ./src/nRF24L01P/nRF24L01P.o
 .debug_macro   0x0000c838      0x342 ./src/nRF24L01P/nRF24L01P.o
 .debug_macro   0x0000cb7a      0x36c ./src/nRF24L01P/nRF24L01P.o
 .debug_macro   0x0000cee6       0xf7 ./src/nRF24L01P/nRF24L01P.o
 .debug_macro   0x0000cfdd      0x73b ./src/nRF24L01P/nRF24L01P.o
 .debug_macro   0x0000d718      0x223 ./src/nRF24L01P/nRF24L01P.o
 .debug_macro   0x0000d93b       0x34 ./src/nRF24L01P/nRF24L01P.o
 .debug_macro   0x0000d96f       0x82 ./src/nRF24L01P/nRF24L01P.o
 .debug_macro   0x0000d9f1      0x144 ./src/nRF24L01P/nRF24L01P.o
 .debug_macro   0x0000db35       0xc3 ./src/nRF24L01P/nRF24L01P.o
 .debug_macro   0x0000dbf8       0x40 ./src/nRF24L01P/nRF24L01P.o
 .debug_macro   0x0000dc38      0x3cf ./src/nRF24L01P/nRF24L01P.o
 .debug_macro   0x0000e007      0x188 ./src/nRF24L01P/nRF24L01P.o
 .debug_macro   0x0000e18f      0x149 ./src/nRF24L01P/nRF24L01P.o
 .debug_macro   0x0000e2d8      0x279 ./src/nRF24L01P/nRF24L01P.o
 .debug_macro   0x0000e551       0x35 ./src/nRF24L01P/nRF24L01P.o
 .debug_macro   0x0000e586       0xd6 ./src/nRF24L01P/nRF24L01P.o
 .debug_macro   0x0000e65c       0x88 ./src/nRF24L01P/nRF24L01P.o
 .debug_macro   0x0000e6e4       0x58 ./src/nRF24L01P/nRF24L01P.o
 .debug_macro   0x0000e73c       0x35 ./src/nRF24L01P/nRF24L01P.o
 .debug_macro   0x0000e771       0x9c ./src/nRF24L01P/nRF24L01P.o
 .debug_macro   0x0000e80d       0x16 ./src/nRF24L01P/nRF24L01P.o
 .debug_macro   0x0000e823       0x97 ./src/nRF24L01P/nRF24L01P.o
 .debug_macro   0x0000e8ba      0x27a ./src/nRF24L01P/nRF24L01P.o
 .debug_macro   0x0000eb34       0xf6 ./src/nRF24L01P/nRF24L01P.o
 .debug_macro   0x0000ec2a       0x10 ./src/nRF24L01P/nRF24L01P.o
 .debug_macro   0x0000ec3a       0x52 ./src/nRF24L01P/nRF24L01P.o
 .debug_macro   0x0000ec8c       0x16 ./src/nRF24L01P/nRF24L01P.o
 .debug_macro   0x0000eca2       0x43 ./src/nRF24L01P/nRF24L01P.o
 .debug_macro   0x0000ece5      0x180 ./src/nRF24L01P/nRF24L01P.o
 .debug_macro   0x0000ee65       0x10 ./src/nRF24L01P/nRF24L01P.o
 .debug_macro   0x0000ee75       0x22 ./src/nRF24L01P/nRF24L01P.o
 .debug_macro   0x0000ee97       0xbd ./src/nRF24L01P/nRF24L01P.o
 .debug_macro   0x0000ef54       0x16 ./src/nRF24L01P/nRF24L01P.o
 .debug_macro   0x0000ef6a      0x16d ./src/nRF24L01P/nRF24L01P.o
 .debug_macro   0x0000f0d7      0x20e ./src/nRF24L01P/nRF24L01P.o
 .debug_macro   0x0000f2e5      0x1ad ./src/nRF24L01P/nRF24L01P_SPI.o
 .debug_macro   0x0000f492       0xd0 ./src/nRF24L01P/nRF24L01P_SPI.o
 .debug_macro   0x0000f562      0x1ad ./src/nRF24L01P/stm32f4_discovery.o
 .debug_macro   0x0000f70f       0x82 ./src/nRF24L01P/stm32f4_discovery.o
 .debug_macro   0x0000f791      0x29a ./src/main.o
 .debug_macro   0x0000fa2b       0xd1 ./libs/misc/src/_sbrk.o
 .debug_macro   0x0000fafc       0x4a ./libs/misc/src/_sbrk.o
 .debug_macro   0x0000fb46       0x19 ./libs/misc/src/_sbrk.o
 .debug_macro   0x0000fb5f      0x16d ./libs/misc/src/_sbrk.o
 .debug_macro   0x0000fccc       0x10 ./libs/misc/src/_sbrk.o
 .debug_macro   0x0000fcdc      0x23b ./libs/misc/src/_sbrk.o
 .debug_macro   0x0000ff17       0x1a ./libs/misc/src/_write.o
 .debug_macro   0x0000ff31       0x10 ./libs/misc/src/_write.o
 .debug_macro   0x0000ff41       0x32 ./libs/misc/src/trace_impl.o
 .debug_macro   0x0000ff73      0x1ae ./libs/StdPeriph/src/misc.o
 .debug_macro   0x00010121       0x7c ./libs/StdPeriph/src/misc.o
 .debug_macro   0x0001019d      0x1ae ./libs/StdPeriph/src/stm32f4xx_exti.o
 .debug_macro   0x0001034b       0xa8 ./libs/StdPeriph/src/stm32f4xx_exti.o
 .debug_macro   0x000103f3      0x1a8 ./libs/StdPeriph/src/stm32f4xx_gpio.o
 .debug_macro   0x0001059b      0x2b6 ./libs/StdPeriph/src/stm32f4xx_gpio.o
 .debug_macro   0x00010851      0x272 ./libs/StdPeriph/src/stm32f4xx_rcc.o
 .debug_macro   0x00010ac3      0x629 ./libs/StdPeriph/src/stm32f4xx_rcc.o
 .debug_macro   0x000110ec      0x1d3 ./libs/StdPeriph/src/stm32f4xx_spi.o
 .debug_macro   0x000112bf      0x366 ./libs/StdPeriph/src/stm32f4xx_spi.o
 .debug_macro   0x00011625      0x1e4 ./libs/StdPeriph/src/stm32f4xx_syscfg.o
 .debug_macro   0x00011809       0xf1 ./libs/StdPeriph/src/stm32f4xx_syscfg.o
 .debug_macro   0x000118fa       0xa6 ./libs/CMSIS/src/startup_cm.o
 .debug_macro   0x000119a0      0x19e ./libs/CMSIS/src/startup_stm32f4xx.o
 .debug_macro   0x00011b3e      0x1c2 ./libs/CMSIS/src/system_stm32f4xx.o
 .debug_macro   0x00011d00       0x11 ./libs/CMSIS/src/vectors_stm32f4xx.o
